{"a":1,"b":2}	.	0	0	{"a":1,"b":2}
{"a":1,"b":2}	.a	0	0	1
{"a":1,"b":2}	.b	0	0	2
{"a":1,"b":2}	.[]	0	0	1|2
{"a":1,"b":2}	.a, .b	0	0	1|2
{"a":1,"b":2}	keys_unsorted	0	0	["a","b"]
{"a":1,"b":2}	keys_unsorted[]	0	0	"a"|"b"
{"a":1,"b":2}	keys	0	0	["a","b"]
{"a":1,"b":2}	length	0	0	2
{"a":1,"b":2}	to_entries	0	0	[{"key":"a","value":1},{"key":"b","value":2}]
{"a":1,"b":2}	first(keys_unsorted[])	0	0	"a"
{"a":1,"b":2}	limit(1; keys_unsorted[])	0	0	"a"
{"a":1,"b":2}	limit(2; keys_unsorted[])	0	0	"a"|"b"
{"a":1,"b":2}	first(.[])	0	0	1
{"a":1,"b":2}	map(.x)	5	5	
{"a":1,"b":2}	map(.x) | .[]	5	5	
{"a":1,"b":2}	first(map(.x) | .[])	5	5	
{"a":1,"b":2}	limit(1; map(.x) | .[])	5	5	
{"a":1,"b":2}	.,.	0	0	{"a":1,"b":2}|{"a":1,"b":2}
{"a":1,"b":2}	if . then . else . end	0	0	{"a":1,"b":2}
{"a":1,"b":2}	try .	0	0	{"a":1,"b":2}
{"a":1,"b":2}	try (1+1) catch "x"	0	0	2
{"a":1,"b":2}	try (1+1)	0	0	2
{"a":1,"b":2}	.?	0	0	{"a":1,"b":2}
{"a":1,"b":2}	label $x | .	0	0	{"a":1,"b":2}
{"a":1,"b":2}	. as $x | $x	0	0	{"a":1,"b":2}
{"a":1,"b":2}	def f: .; f	0	0	{"a":1,"b":2}
{"a":1,"b":2}	first(.)	0	0	{"a":1,"b":2}
{"a":1,"b":2}	limit(1;.)	0	0	{"a":1,"b":2}
{"a":1,"b":2}	[.]	0	0	[{"a":1,"b":2}]
{"a":1,"b":2}	{k: .}	0	0	{"k":{"a":1,"b":2}}
{"a":1,"b":2}	. | .	0	0	{"a":1,"b":2}
{"a":1,"b":2}	1+1	0	0	2
{"a":1,"b":2}	keys_unsorted, length	0	0	["a","b"]|2
{"a":1,"b":2}	debug	0	0	{"a":1,"b":2}
{"a":1,"b":2}	(., debug)	0	0	{"a":1,"b":2}|{"a":1,"b":2}
{"a":1,"b":2}	.[]|debug	0	0	1|2
{"a":1,"b":2}	.[] | (., debug)	0	0	1|1|2|2
{"a":1,"b":2}	.[] | .,.	0	0	1|1|2|2
{"a":1,"b":2}	.[] | if . then . else . end	0	0	1|2
{"a":1,"b":2}	.[] | try (1+1) catch "x"	0	0	2|2
{"a":1,"b":2}	.[] | 1+1	0	0	2|2
{"a":1,"b":2}	.[] | label $x | .	0	0	1|2
{"a":1,"b":2}	.[] | def f: .; f	0	0	1|2
{"a":1,"b":2}	.[] | . as $x | $x	0	0	1|2
{"a":1,"b":2}	.a | (., debug)	0	0	1|1
{"a":1,"b":2}	.a | if . then . else . end	0	0	1
{"a":1,"b":2}	.a | 1+1	0	0	2
{"a":1,"b":2}	.[] | select(. != null)	0	0	1|2
{"a":1,"b":2}	.[] | tostring	0	0	"1"|"2"
[1,2,3]	.	0	0	[1,2,3]
[1,2,3]	.a	5	5	
[1,2,3]	.b	5	5	
[1,2,3]	.[]	0	0	1|2|3
[1,2,3]	.a, .b	5	5	
[1,2,3]	keys_unsorted	0	0	[0,1,2]
[1,2,3]	keys_unsorted[]	0	0	0|1|2
[1,2,3]	keys	0	0	[0,1,2]
[1,2,3]	length	0	0	3
[1,2,3]	to_entries	0	0	[{"key":0,"value":1},{"key":1,"value":2},{"key":2,"value":3}]
[1,2,3]	first(keys_unsorted[])	0	0	0
[1,2,3]	limit(1; keys_unsorted[])	0	0	0
[1,2,3]	limit(2; keys_unsorted[])	0	0	0|1
[1,2,3]	first(.[])	0	0	1
[1,2,3]	map(.x)	5	5	
[1,2,3]	map(.x) | .[]	5	5	
[1,2,3]	first(map(.x) | .[])	5	5	
[1,2,3]	limit(1; map(.x) | .[])	5	5	
[1,2,3]	.,.	0	0	[1,2,3]|[1,2,3]
[1,2,3]	if . then . else . end	0	0	[1,2,3]
[1,2,3]	try .	0	0	[1,2,3]
[1,2,3]	try (1+1) catch "x"	0	0	2
[1,2,3]	try (1+1)	0	0	2
[1,2,3]	.?	0	0	[1,2,3]
[1,2,3]	label $x | .	0	0	[1,2,3]
[1,2,3]	. as $x | $x	0	0	[1,2,3]
[1,2,3]	def f: .; f	0	0	[1,2,3]
[1,2,3]	first(.)	0	0	[1,2,3]
[1,2,3]	limit(1;.)	0	0	[1,2,3]
[1,2,3]	[.]	0	0	[[1,2,3]]
[1,2,3]	{k: .}	0	0	{"k":[1,2,3]}
[1,2,3]	. | .	0	0	[1,2,3]
[1,2,3]	1+1	0	0	2
[1,2,3]	keys_unsorted, length	0	0	[0,1,2]|3
[1,2,3]	debug	0	0	[1,2,3]
[1,2,3]	(., debug)	0	0	[1,2,3]|[1,2,3]
[1,2,3]	.[]|debug	0	0	1|2|3
[1,2,3]	.[] | (., debug)	0	0	1|1|2|2|3|3
[1,2,3]	.[] | .,.	0	0	1|1|2|2|3|3
[1,2,3]	.[] | if . then . else . end	0	0	1|2|3
[1,2,3]	.[] | try (1+1) catch "x"	0	0	2|2|2
[1,2,3]	.[] | 1+1	0	0	2|2|2
[1,2,3]	.[] | label $x | .	0	0	1|2|3
[1,2,3]	.[] | def f: .; f	0	0	1|2|3
[1,2,3]	.[] | . as $x | $x	0	0	1|2|3
[1,2,3]	.a | (., debug)	5	5	
[1,2,3]	.a | if . then . else . end	5	5	
[1,2,3]	.a | 1+1	5	5	
[1,2,3]	.[] | select(. != null)	0	0	1|2|3
[1,2,3]	.[] | tostring	0	0	"1"|"2"|"3"
{"a":1,"a":2}	.	0	0	{"a":2}
{"a":1,"a":2}	.a	0	0	2
{"a":1,"a":2}	.b	0	0	null
{"a":1,"a":2}	.[]	0	0	2
{"a":1,"a":2}	.a, .b	0	0	2|null
{"a":1,"a":2}	keys_unsorted	0	0	["a"]
{"a":1,"a":2}	keys_unsorted[]	0	0	"a"
{"a":1,"a":2}	keys	0	0	["a"]
{"a":1,"a":2}	length	0	0	1
{"a":1,"a":2}	to_entries	0	0	[{"key":"a","value":2}]
{"a":1,"a":2}	first(keys_unsorted[])	0	0	"a"
{"a":1,"a":2}	limit(1; keys_unsorted[])	0	0	"a"
{"a":1,"a":2}	limit(2; keys_unsorted[])	0	0	"a"
{"a":1,"a":2}	first(.[])	0	0	2
{"a":1,"a":2}	map(.x)	5	5	
{"a":1,"a":2}	map(.x) | .[]	5	5	
{"a":1,"a":2}	first(map(.x) | .[])	5	5	
{"a":1,"a":2}	limit(1; map(.x) | .[])	5	5	
{"a":1,"a":2}	.,.	0	0	{"a":2}|{"a":2}
{"a":1,"a":2}	if . then . else . end	0	0	{"a":2}
{"a":1,"a":2}	try .	0	0	{"a":2}
{"a":1,"a":2}	try (1+1) catch "x"	0	0	2
{"a":1,"a":2}	try (1+1)	0	0	2
{"a":1,"a":2}	.?	0	0	{"a":2}
{"a":1,"a":2}	label $x | .	0	0	{"a":2}
{"a":1,"a":2}	. as $x | $x	0	0	{"a":2}
{"a":1,"a":2}	def f: .; f	0	0	{"a":2}
{"a":1,"a":2}	first(.)	0	0	{"a":2}
{"a":1,"a":2}	limit(1;.)	0	0	{"a":2}
{"a":1,"a":2}	[.]	0	0	[{"a":2}]
{"a":1,"a":2}	{k: .}	0	0	{"k":{"a":2}}
{"a":1,"a":2}	. | .	0	0	{"a":2}
{"a":1,"a":2}	1+1	0	0	2
{"a":1,"a":2}	keys_unsorted, length	0	0	["a"]|1
{"a":1,"a":2}	debug	0	0	{"a":2}
{"a":1,"a":2}	(., debug)	0	0	{"a":2}|{"a":2}
{"a":1,"a":2}	.[]|debug	0	0	2
{"a":1,"a":2}	.[] | (., debug)	0	0	2|2
{"a":1,"a":2}	.[] | .,.	0	0	2|2
{"a":1,"a":2}	.[] | if . then . else . end	0	0	2
{"a":1,"a":2}	.[] | try (1+1) catch "x"	0	0	2
{"a":1,"a":2}	.[] | 1+1	0	0	2
{"a":1,"a":2}	.[] | label $x | .	0	0	2
{"a":1,"a":2}	.[] | def f: .; f	0	0	2
{"a":1,"a":2}	.[] | . as $x | $x	0	0	2
{"a":1,"a":2}	.a | (., debug)	0	0	2|2
{"a":1,"a":2}	.a | if . then . else . end	0	0	2
{"a":1,"a":2}	.a | 1+1	0	0	2
{"a":1,"a":2}	.[] | select(. != null)	0	0	2
{"a":1,"a":2}	.[] | tostring	0	0	"2"
{123:1,"b":2}	.	5	5	
{123:1,"b":2}	.a	5	5	
{123:1,"b":2}	.b	5	5	
{123:1,"b":2}	.[]	5	5	
{123:1,"b":2}	.a, .b	5	5	
{123:1,"b":2}	keys_unsorted	5	5	[
{123:1,"b":2}	keys_unsorted[]	5	5	
{123:1,"b":2}	keys	5	5	
{123:1,"b":2}	length	5	5	
{123:1,"b":2}	to_entries	5	5	
{123:1,"b":2}	first(keys_unsorted[])	5	5	
{123:1,"b":2}	limit(1; keys_unsorted[])	5	5	
{123:1,"b":2}	limit(2; keys_unsorted[])	5	5	
{123:1,"b":2}	first(.[])	5	5	
{123:1,"b":2}	map(.x)	5	5	
{123:1,"b":2}	map(.x) | .[]	5	5	
{123:1,"b":2}	first(map(.x) | .[])	5	5	
{123:1,"b":2}	limit(1; map(.x) | .[])	5	5	
{123:1,"b":2}	.,.	5	5	
{123:1,"b":2}	if . then . else . end	5	5	
{123:1,"b":2}	try .	5	5	
{123:1,"b":2}	try (1+1) catch "x"	5	0	2
{123:1,"b":2}	try (1+1)	5	0	2
{123:1,"b":2}	.?	5	5	
{123:1,"b":2}	label $x | .	5	5	
{123:1,"b":2}	. as $x | $x	5	5	
{123:1,"b":2}	def f: .; f	5	5	
{123:1,"b":2}	first(.)	5	5	
{123:1,"b":2}	limit(1;.)	5	5	
{123:1,"b":2}	[.]	5	5	
{123:1,"b":2}	{k: .}	5	5	
{123:1,"b":2}	. | .	5	5	
{123:1,"b":2}	1+1	5	0	2
{123:1,"b":2}	keys_unsorted, length	5	5	[
{123:1,"b":2}	debug	5	5	
{123:1,"b":2}	(., debug)	5	5	
{123:1,"b":2}	.[]|debug	5	5	
{123:1,"b":2}	.[] | (., debug)	5	5	
{123:1,"b":2}	.[] | .,.	5	5	
{123:1,"b":2}	.[] | if . then . else . end	5	5	
{123:1,"b":2}	.[] | try (1+1) catch "x"	5	5	
{123:1,"b":2}	.[] | 1+1	5	5	
{123:1,"b":2}	.[] | label $x | .	5	5	
{123:1,"b":2}	.[] | def f: .; f	5	5	
{123:1,"b":2}	.[] | . as $x | $x	5	5	
{123:1,"b":2}	.a | (., debug)	5	5	
{123:1,"b":2}	.a | if . then . else . end	5	5	
{123:1,"b":2}	.a | 1+1	5	5	
{123:1,"b":2}	.[] | select(. != null)	5	5	
{123:1,"b":2}	.[] | tostring	5	5	
{"a":1,"b"}	.	5	5	
{"a":1,"b"}	.a	5	5	
{"a":1,"b"}	.b	5	5	
{"a":1,"b"}	.[]	5	5	
{"a":1,"b"}	.a, .b	5	5	
{"a":1,"b"}	keys_unsorted	5	5	["a"
{"a":1,"b"}	keys_unsorted[]	5	5	"a"
{"a":1,"b"}	keys	5	5	
{"a":1,"b"}	length	5	5	
{"a":1,"b"}	to_entries	5	5	
{"a":1,"b"}	first(keys_unsorted[])	5	0	"a"
{"a":1,"b"}	limit(1; keys_unsorted[])	5	0	"a"
{"a":1,"b"}	limit(2; keys_unsorted[])	5	5	"a"
{"a":1,"b"}	first(.[])	5	5	
{"a":1,"b"}	map(.x)	5	5	
{"a":1,"b"}	map(.x) | .[]	5	5	
{"a":1,"b"}	first(map(.x) | .[])	5	5	
{"a":1,"b"}	limit(1; map(.x) | .[])	5	5	
{"a":1,"b"}	.,.	5	5	
{"a":1,"b"}	if . then . else . end	5	5	
{"a":1,"b"}	try .	5	5	
{"a":1,"b"}	try (1+1) catch "x"	5	0	2
{"a":1,"b"}	try (1+1)	5	0	2
{"a":1,"b"}	.?	5	5	
{"a":1,"b"}	label $x | .	5	5	
{"a":1,"b"}	. as $x | $x	5	5	
{"a":1,"b"}	def f: .; f	5	5	
{"a":1,"b"}	first(.)	5	5	
{"a":1,"b"}	limit(1;.)	5	5	
{"a":1,"b"}	[.]	5	5	
{"a":1,"b"}	{k: .}	5	5	
{"a":1,"b"}	. | .	5	5	
{"a":1,"b"}	1+1	5	0	2
{"a":1,"b"}	keys_unsorted, length	5	5	["a"
{"a":1,"b"}	debug	5	5	
{"a":1,"b"}	(., debug)	5	5	
{"a":1,"b"}	.[]|debug	5	5	
{"a":1,"b"}	.[] | (., debug)	5	5	
{"a":1,"b"}	.[] | .,.	5	5	
{"a":1,"b"}	.[] | if . then . else . end	5	5	
{"a":1,"b"}	.[] | try (1+1) catch "x"	5	5	
{"a":1,"b"}	.[] | 1+1	5	5	
{"a":1,"b"}	.[] | label $x | .	5	5	
{"a":1,"b"}	.[] | def f: .; f	5	5	
{"a":1,"b"}	.[] | . as $x | $x	5	5	
{"a":1,"b"}	.a | (., debug)	5	5	
{"a":1,"b"}	.a | if . then . else . end	5	5	
{"a":1,"b"}	.a | 1+1	5	5	
{"a":1,"b"}	.[] | select(. != null)	5	5	
{"a":1,"b"}	.[] | tostring	5	5	
{"a":1, invalid}	.	5	5	
{"a":1, invalid}	.a	5	5	
{"a":1, invalid}	.b	5	5	
{"a":1, invalid}	.[]	5	5	
{"a":1, invalid}	.a, .b	5	5	
{"a":1, invalid}	keys_unsorted	5	5	["a"
{"a":1, invalid}	keys_unsorted[]	5	5	"a"
{"a":1, invalid}	keys	5	5	
{"a":1, invalid}	length	5	5	
{"a":1, invalid}	to_entries	5	5	
{"a":1, invalid}	first(keys_unsorted[])	5	0	"a"
{"a":1, invalid}	limit(1; keys_unsorted[])	5	0	"a"
{"a":1, invalid}	limit(2; keys_unsorted[])	5	5	"a"
{"a":1, invalid}	first(.[])	5	5	
{"a":1, invalid}	map(.x)	5	5	
{"a":1, invalid}	map(.x) | .[]	5	5	
{"a":1, invalid}	first(map(.x) | .[])	5	5	
{"a":1, invalid}	limit(1; map(.x) | .[])	5	5	
{"a":1, invalid}	.,.	5	5	
{"a":1, invalid}	if . then . else . end	5	5	
{"a":1, invalid}	try .	5	5	
{"a":1, invalid}	try (1+1) catch "x"	5	0	2
{"a":1, invalid}	try (1+1)	5	0	2
{"a":1, invalid}	.?	5	5	
{"a":1, invalid}	label $x | .	5	5	
{"a":1, invalid}	. as $x | $x	5	5	
{"a":1, invalid}	def f: .; f	5	5	
{"a":1, invalid}	first(.)	5	5	
{"a":1, invalid}	limit(1;.)	5	5	
{"a":1, invalid}	[.]	5	5	
{"a":1, invalid}	{k: .}	5	5	
{"a":1, invalid}	. | .	5	5	
{"a":1, invalid}	1+1	5	0	2
{"a":1, invalid}	keys_unsorted, length	5	5	["a"
{"a":1, invalid}	debug	5	5	
{"a":1, invalid}	(., debug)	5	5	
{"a":1, invalid}	.[]|debug	5	5	
{"a":1, invalid}	.[] | (., debug)	5	5	
{"a":1, invalid}	.[] | .,.	5	5	
{"a":1, invalid}	.[] | if . then . else . end	5	5	
{"a":1, invalid}	.[] | try (1+1) catch "x"	5	5	
{"a":1, invalid}	.[] | 1+1	5	5	
{"a":1, invalid}	.[] | label $x | .	5	5	
{"a":1, invalid}	.[] | def f: .; f	5	5	
{"a":1, invalid}	.[] | . as $x | $x	5	5	
{"a":1, invalid}	.a | (., debug)	5	5	
{"a":1, invalid}	.a | if . then . else . end	5	5	
{"a":1, invalid}	.a | 1+1	5	5	
{"a":1, invalid}	.[] | select(. != null)	5	5	
{"a":1, invalid}	.[] | tostring	5	5	
{"a" 1, "b":2}	.	5	5	
{"a" 1, "b":2}	.a	5	5	
{"a" 1, "b":2}	.b	5	0	2
{"a" 1, "b":2}	.[]	5	5	
{"a" 1, "b":2}	.a, .b	5	5	
{"a" 1, "b":2}	keys_unsorted	5	5	["a","b"
{"a" 1, "b":2}	keys_unsorted[]	5	5	"a"|"b"
{"a" 1, "b":2}	keys	5	5	
{"a" 1, "b":2}	length	5	5	
{"a" 1, "b":2}	to_entries	5	5	
{"a" 1, "b":2}	first(keys_unsorted[])	5	0	"a"
{"a" 1, "b":2}	limit(1; keys_unsorted[])	5	0	"a"
{"a" 1, "b":2}	limit(2; keys_unsorted[])	5	0	"a"|"b"
{"a" 1, "b":2}	first(.[])	5	5	
{"a" 1, "b":2}	map(.x)	5	5	
{"a" 1, "b":2}	map(.x) | .[]	5	5	
{"a" 1, "b":2}	first(map(.x) | .[])	5	5	
{"a" 1, "b":2}	limit(1; map(.x) | .[])	5	5	
{"a" 1, "b":2}	.,.	5	5	
{"a" 1, "b":2}	if . then . else . end	5	5	
{"a" 1, "b":2}	try .	5	5	
{"a" 1, "b":2}	try (1+1) catch "x"	5	0	2
{"a" 1, "b":2}	try (1+1)	5	0	2
{"a" 1, "b":2}	.?	5	5	
{"a" 1, "b":2}	label $x | .	5	5	
{"a" 1, "b":2}	. as $x | $x	5	5	
{"a" 1, "b":2}	def f: .; f	5	5	
{"a" 1, "b":2}	first(.)	5	5	
{"a" 1, "b":2}	limit(1;.)	5	5	
{"a" 1, "b":2}	[.]	5	5	
{"a" 1, "b":2}	{k: .}	5	5	
{"a" 1, "b":2}	. | .	5	5	
{"a" 1, "b":2}	1+1	5	0	2
{"a" 1, "b":2}	keys_unsorted, length	5	5	["a","b"
{"a" 1, "b":2}	debug	5	5	
{"a" 1, "b":2}	(., debug)	5	5	
{"a" 1, "b":2}	.[]|debug	5	5	
{"a" 1, "b":2}	.[] | (., debug)	5	5	
{"a" 1, "b":2}	.[] | .,.	5	5	
{"a" 1, "b":2}	.[] | if . then . else . end	5	5	
{"a" 1, "b":2}	.[] | try (1+1) catch "x"	5	5	
{"a" 1, "b":2}	.[] | 1+1	5	5	
{"a" 1, "b":2}	.[] | label $x | .	5	5	
{"a" 1, "b":2}	.[] | def f: .; f	5	5	
{"a" 1, "b":2}	.[] | . as $x | $x	5	5	
{"a" 1, "b":2}	.a | (., debug)	5	5	
{"a" 1, "b":2}	.a | if . then . else . end	5	5	
{"a" 1, "b":2}	.a | 1+1	5	5	
{"a" 1, "b":2}	.[] | select(. != null)	5	5	
{"a" 1, "b":2}	.[] | tostring	5	5	
[1,,3]	.	5	5	
[1,,3]	.a	5	5	
[1,,3]	.b	5	5	
[1,,3]	.[]	5	5	1
[1,,3]	.a, .b	5	5	
[1,,3]	keys_unsorted	5	5	
[1,,3]	keys_unsorted[]	5	5	
[1,,3]	keys	5	5	
[1,,3]	length	5	5	
[1,,3]	to_entries	5	5	
[1,,3]	first(keys_unsorted[])	5	5	
[1,,3]	limit(1; keys_unsorted[])	5	5	
[1,,3]	limit(2; keys_unsorted[])	5	5	
[1,,3]	first(.[])	5	0	1
[1,,3]	map(.x)	5	5	
[1,,3]	map(.x) | .[]	5	5	
[1,,3]	first(map(.x) | .[])	5	5	
[1,,3]	limit(1; map(.x) | .[])	5	5	
[1,,3]	.,.	5	5	
[1,,3]	if . then . else . end	5	5	
[1,,3]	try .	5	5	
[1,,3]	try (1+1) catch "x"	5	0	2
[1,,3]	try (1+1)	5	0	2
[1,,3]	.?	5	5	
[1,,3]	label $x | .	5	5	
[1,,3]	. as $x | $x	5	5	
[1,,3]	def f: .; f	5	5	
[1,,3]	first(.)	5	5	
[1,,3]	limit(1;.)	5	5	
[1,,3]	[.]	5	5	
[1,,3]	{k: .}	5	5	
[1,,3]	. | .	5	5	
[1,,3]	1+1	5	0	2
[1,,3]	keys_unsorted, length	5	5	
[1,,3]	debug	5	5	
[1,,3]	(., debug)	5	5	
[1,,3]	.[]|debug	5	5	1
[1,,3]	.[] | (., debug)	5	5	1|1
[1,,3]	.[] | .,.	5	5	1|1
[1,,3]	.[] | if . then . else . end	5	5	1
[1,,3]	.[] | try (1+1) catch "x"	5	5	2
[1,,3]	.[] | 1+1	5	5	2
[1,,3]	.[] | label $x | .	5	5	1
[1,,3]	.[] | def f: .; f	5	5	1
[1,,3]	.[] | . as $x | $x	5	5	1
[1,,3]	.a | (., debug)	5	5	
[1,,3]	.a | if . then . else . end	5	5	
[1,,3]	.a | 1+1	5	5	
[1,,3]	.[] | select(. != null)	5	5	1
[1,,3]	.[] | tostring	5	5	"1"
{"\ud800":1,"\ud800":2}	.	5	0	{"\ud800":1,"\ud800":2}
{"\ud800":1,"\ud800":2}	.a	5	0	null
{"\ud800":1,"\ud800":2}	.b	5	0	null
{"\ud800":1,"\ud800":2}	.[]	5	0	1|2
{"\ud800":1,"\ud800":2}	.a, .b	5	0	null|null
{"\ud800":1,"\ud800":2}	keys_unsorted	5	0	["\ud800","\ud800"]
{"\ud800":1,"\ud800":2}	keys_unsorted[]	5	0	"\ud800"|"\ud800"
{"\ud800":1,"\ud800":2}	keys	5	0	["\\ud800","\\ud800"]
{"\ud800":1,"\ud800":2}	length	5	0	2
{"\ud800":1,"\ud800":2}	to_entries	5	0	[{"key":"\\ud800","value":1},{"key":"\\ud800","value":2}]
{"\ud800":1,"\ud800":2}	first(keys_unsorted[])	5	0	"\ud800"
{"\ud800":1,"\ud800":2}	limit(1; keys_unsorted[])	5	0	"\ud800"
{"\ud800":1,"\ud800":2}	limit(2; keys_unsorted[])	5	0	"\ud800"|"\ud800"
{"\ud800":1,"\ud800":2}	first(.[])	5	0	1
{"\ud800":1,"\ud800":2}	map(.x)	5	5	
{"\ud800":1,"\ud800":2}	map(.x) | .[]	5	5	
{"\ud800":1,"\ud800":2}	first(map(.x) | .[])	5	5	
{"\ud800":1,"\ud800":2}	limit(1; map(.x) | .[])	5	5	
{"\ud800":1,"\ud800":2}	.,.	5	0	{"\ud800":1,"\ud800":2}|{"\ud800":1,"\ud800":2}
{"\ud800":1,"\ud800":2}	if . then . else . end	5	5	
{"\ud800":1,"\ud800":2}	try .	5	0	{"\ud800":1,"\ud800":2}
{"\ud800":1,"\ud800":2}	try (1+1) catch "x"	5	0	2
{"\ud800":1,"\ud800":2}	try (1+1)	5	0	2
{"\ud800":1,"\ud800":2}	.?	5	0	{"\ud800":1,"\ud800":2}
{"\ud800":1,"\ud800":2}	label $x | .	5	0	{"\ud800":1,"\ud800":2}
{"\ud800":1,"\ud800":2}	. as $x | $x	5	5	
{"\ud800":1,"\ud800":2}	def f: .; f	5	0	{"\ud800":1,"\ud800":2}
{"\ud800":1,"\ud800":2}	first(.)	5	0	{"\ud800":1,"\ud800":2}
{"\ud800":1,"\ud800":2}	limit(1;.)	5	0	{"\ud800":1,"\ud800":2}
{"\ud800":1,"\ud800":2}	[.]	5	5	
{"\ud800":1,"\ud800":2}	{k: .}	5	5	
{"\ud800":1,"\ud800":2}	. | .	5	0	{"\ud800":1,"\ud800":2}
{"\ud800":1,"\ud800":2}	1+1	5	0	2
{"\ud800":1,"\ud800":2}	keys_unsorted, length	5	0	["\ud800","\ud800"]|2
{"\ud800":1,"\ud800":2}	debug	5	5	
{"\ud800":1,"\ud800":2}	(., debug)	5	5	{"\ud800":1,"\ud800":2}
{"\ud800":1,"\ud800":2}	.[]|debug	5	0	1|2
{"\ud800":1,"\ud800":2}	.[] | (., debug)	5	0	1|1|2|2
{"\ud800":1,"\ud800":2}	.[] | .,.	5	0	1|1|2|2
{"\ud800":1,"\ud800":2}	.[] | if . then . else . end	5	0	1|2
{"\ud800":1,"\ud800":2}	.[] | try (1+1) catch "x"	5	0	2|2
{"\ud800":1,"\ud800":2}	.[] | 1+1	5	0	2|2
{"\ud800":1,"\ud800":2}	.[] | label $x | .	5	0	1|2
{"\ud800":1,"\ud800":2}	.[] | def f: .; f	5	0	1|2
{"\ud800":1,"\ud800":2}	.[] | . as $x | $x	5	0	1|2
{"\ud800":1,"\ud800":2}	.a | (., debug)	5	0	null|null
{"\ud800":1,"\ud800":2}	.a | if . then . else . end	5	0	null
{"\ud800":1,"\ud800":2}	.a | 1+1	5	0	2
{"\ud800":1,"\ud800":2}	.[] | select(. != null)	5	0	1|2
{"\ud800":1,"\ud800":2}	.[] | tostring	5	0	"1"|"2"
{"\ud800":1,"b":2}	.	5	0	{"\ud800":1,"b":2}
{"\ud800":1,"b":2}	.a	5	0	null
{"\ud800":1,"b":2}	.b	5	0	2
{"\ud800":1,"b":2}	.[]	5	0	1|2
{"\ud800":1,"b":2}	.a, .b	5	0	null|2
{"\ud800":1,"b":2}	keys_unsorted	5	0	["\ud800","b"]
{"\ud800":1,"b":2}	keys_unsorted[]	5	0	"\ud800"|"b"
{"\ud800":1,"b":2}	keys	5	0	["\\ud800","b"]
{"\ud800":1,"b":2}	length	5	0	2
{"\ud800":1,"b":2}	to_entries	5	0	[{"key":"\\ud800","value":1},{"key":"b","value":2}]
{"\ud800":1,"b":2}	first(keys_unsorted[])	5	0	"\ud800"
{"\ud800":1,"b":2}	limit(1; keys_unsorted[])	5	0	"\ud800"
{"\ud800":1,"b":2}	limit(2; keys_unsorted[])	5	0	"\ud800"|"b"
{"\ud800":1,"b":2}	first(.[])	5	0	1
{"\ud800":1,"b":2}	map(.x)	5	5	
{"\ud800":1,"b":2}	map(.x) | .[]	5	5	
{"\ud800":1,"b":2}	first(map(.x) | .[])	5	5	
{"\ud800":1,"b":2}	limit(1; map(.x) | .[])	5	5	
{"\ud800":1,"b":2}	.,.	5	0	{"\ud800":1,"b":2}|{"\ud800":1,"b":2}
{"\ud800":1,"b":2}	if . then . else . end	5	0	{"\ud800":1,"b":2}
{"\ud800":1,"b":2}	try .	5	0	{"\ud800":1,"b":2}
{"\ud800":1,"b":2}	try (1+1) catch "x"	5	0	2
{"\ud800":1,"b":2}	try (1+1)	5	0	2
{"\ud800":1,"b":2}	.?	5	0	{"\ud800":1,"b":2}
{"\ud800":1,"b":2}	label $x | .	5	0	{"\ud800":1,"b":2}
{"\ud800":1,"b":2}	. as $x | $x	5	0	{"\\ud800":1,"b":2}
{"\ud800":1,"b":2}	def f: .; f	5	0	{"\ud800":1,"b":2}
{"\ud800":1,"b":2}	first(.)	5	0	{"\ud800":1,"b":2}
{"\ud800":1,"b":2}	limit(1;.)	5	0	{"\ud800":1,"b":2}
{"\ud800":1,"b":2}	[.]	5	0	[{"\\ud800":1,"b":2}]
{"\ud800":1,"b":2}	{k: .}	5	0	{"k":{"\\ud800":1,"b":2}}
{"\ud800":1,"b":2}	. | .	5	0	{"\ud800":1,"b":2}
{"\ud800":1,"b":2}	1+1	5	0	2
{"\ud800":1,"b":2}	keys_unsorted, length	5	0	["\ud800","b"]|2
{"\ud800":1,"b":2}	debug	5	0	{"\\ud800":1,"b":2}
{"\ud800":1,"b":2}	(., debug)	5	0	{"\ud800":1,"b":2}|{"\\ud800":1,"b":2}
{"\ud800":1,"b":2}	.[]|debug	5	0	1|2
{"\ud800":1,"b":2}	.[] | (., debug)	5	0	1|1|2|2
{"\ud800":1,"b":2}	.[] | .,.	5	0	1|1|2|2
{"\ud800":1,"b":2}	.[] | if . then . else . end	5	0	1|2
{"\ud800":1,"b":2}	.[] | try (1+1) catch "x"	5	0	2|2
{"\ud800":1,"b":2}	.[] | 1+1	5	0	2|2
{"\ud800":1,"b":2}	.[] | label $x | .	5	0	1|2
{"\ud800":1,"b":2}	.[] | def f: .; f	5	0	1|2
{"\ud800":1,"b":2}	.[] | . as $x | $x	5	0	1|2
{"\ud800":1,"b":2}	.a | (., debug)	5	0	null|null
{"\ud800":1,"b":2}	.a | if . then . else . end	5	0	null
{"\ud800":1,"b":2}	.a | 1+1	5	0	2
{"\ud800":1,"b":2}	.[] | select(. != null)	5	0	1|2
{"\ud800":1,"b":2}	.[] | tostring	5	0	"1"|"2"
{"a\q":1,"b":2}	.	5	0	{"a\q":1,"b":2}
{"a\q":1,"b":2}	.a	5	0	null
{"a\q":1,"b":2}	.b	5	0	2
{"a\q":1,"b":2}	.[]	5	0	1|2
{"a\q":1,"b":2}	.a, .b	5	0	null|2
{"a\q":1,"b":2}	keys_unsorted	5	0	["a\q","b"]
{"a\q":1,"b":2}	keys_unsorted[]	5	0	"a\q"|"b"
{"a\q":1,"b":2}	keys	5	0	["a\\q","b"]
{"a\q":1,"b":2}	length	5	0	2
{"a\q":1,"b":2}	to_entries	5	0	[{"key":"a\\q","value":1},{"key":"b","value":2}]
{"a\q":1,"b":2}	first(keys_unsorted[])	5	0	"a\q"
{"a\q":1,"b":2}	limit(1; keys_unsorted[])	5	0	"a\q"
{"a\q":1,"b":2}	limit(2; keys_unsorted[])	5	0	"a\q"|"b"
{"a\q":1,"b":2}	first(.[])	5	0	1
{"a\q":1,"b":2}	map(.x)	5	5	
{"a\q":1,"b":2}	map(.x) | .[]	5	5	
{"a\q":1,"b":2}	first(map(.x) | .[])	5	5	
{"a\q":1,"b":2}	limit(1; map(.x) | .[])	5	5	
{"a\q":1,"b":2}	.,.	5	0	{"a\q":1,"b":2}|{"a\q":1,"b":2}
{"a\q":1,"b":2}	if . then . else . end	5	0	{"a\q":1,"b":2}
{"a\q":1,"b":2}	try .	5	0	{"a\q":1,"b":2}
{"a\q":1,"b":2}	try (1+1) catch "x"	5	0	2
{"a\q":1,"b":2}	try (1+1)	5	0	2
{"a\q":1,"b":2}	.?	5	0	{"a\q":1,"b":2}
{"a\q":1,"b":2}	label $x | .	5	0	{"a\q":1,"b":2}
{"a\q":1,"b":2}	. as $x | $x	5	0	{"a\\q":1,"b":2}
{"a\q":1,"b":2}	def f: .; f	5	0	{"a\q":1,"b":2}
{"a\q":1,"b":2}	first(.)	5	0	{"a\q":1,"b":2}
{"a\q":1,"b":2}	limit(1;.)	5	0	{"a\q":1,"b":2}
{"a\q":1,"b":2}	[.]	5	0	[{"a\\q":1,"b":2}]
{"a\q":1,"b":2}	{k: .}	5	0	{"k":{"a\\q":1,"b":2}}
{"a\q":1,"b":2}	. | .	5	0	{"a\q":1,"b":2}
{"a\q":1,"b":2}	1+1	5	0	2
{"a\q":1,"b":2}	keys_unsorted, length	5	0	["a\q","b"]|2
{"a\q":1,"b":2}	debug	5	0	{"a\\q":1,"b":2}
{"a\q":1,"b":2}	(., debug)	5	0	{"a\q":1,"b":2}|{"a\\q":1,"b":2}
{"a\q":1,"b":2}	.[]|debug	5	0	1|2
{"a\q":1,"b":2}	.[] | (., debug)	5	0	1|1|2|2
{"a\q":1,"b":2}	.[] | .,.	5	0	1|1|2|2
{"a\q":1,"b":2}	.[] | if . then . else . end	5	0	1|2
{"a\q":1,"b":2}	.[] | try (1+1) catch "x"	5	0	2|2
{"a\q":1,"b":2}	.[] | 1+1	5	0	2|2
{"a\q":1,"b":2}	.[] | label $x | .	5	0	1|2
{"a\q":1,"b":2}	.[] | def f: .; f	5	0	1|2
{"a\q":1,"b":2}	.[] | . as $x | $x	5	0	1|2
{"a\q":1,"b":2}	.a | (., debug)	5	0	null|null
{"a\q":1,"b":2}	.a | if . then . else . end	5	0	null
{"a\q":1,"b":2}	.a | 1+1	5	0	2
{"a\q":1,"b":2}	.[] | select(. != null)	5	0	1|2
{"a\q":1,"b":2}	.[] | tostring	5	0	"1"|"2"
[{"x":"\ud800"}]	.	5	0	[{"x":"\ud800"}]
[{"x":"\ud800"}]	.a	5	5	
[{"x":"\ud800"}]	.b	5	5	
[{"x":"\ud800"}]	.[]	5	0	{"x":"\ud800"}
[{"x":"\ud800"}]	.a, .b	5	5	
[{"x":"\ud800"}]	keys_unsorted	5	0	[0]
[{"x":"\ud800"}]	keys_unsorted[]	5	0	0
[{"x":"\ud800"}]	keys	5	0	[0]
[{"x":"\ud800"}]	length	5	0	1
[{"x":"\ud800"}]	to_entries	5	5	
[{"x":"\ud800"}]	first(keys_unsorted[])	5	0	0
[{"x":"\ud800"}]	limit(1; keys_unsorted[])	5	0	0
[{"x":"\ud800"}]	limit(2; keys_unsorted[])	5	0	0
[{"x":"\ud800"}]	first(.[])	5	0	{"x":"\ud800"}
[{"x":"\ud800"}]	map(.x)	5	5	
[{"x":"\ud800"}]	map(.x) | .[]	5	0	"\ud800"
[{"x":"\ud800"}]	first(map(.x) | .[])	5	0	"\ud800"
[{"x":"\ud800"}]	limit(1; map(.x) | .[])	5	0	"\ud800"
[{"x":"\ud800"}]	.,.	5	0	[{"x":"\ud800"}]|[{"x":"\ud800"}]
[{"x":"\ud800"}]	if . then . else . end	5	5	
[{"x":"\ud800"}]	try .	5	0	[{"x":"\ud800"}]
[{"x":"\ud800"}]	try (1+1) catch "x"	5	0	2
[{"x":"\ud800"}]	try (1+1)	5	0	2
[{"x":"\ud800"}]	.?	5	0	[{"x":"\ud800"}]
[{"x":"\ud800"}]	label $x | .	5	0	[{"x":"\ud800"}]
[{"x":"\ud800"}]	. as $x | $x	5	5	
[{"x":"\ud800"}]	def f: .; f	5	0	[{"x":"\ud800"}]
[{"x":"\ud800"}]	first(.)	5	0	[{"x":"\ud800"}]
[{"x":"\ud800"}]	limit(1;.)	5	0	[{"x":"\ud800"}]
[{"x":"\ud800"}]	[.]	5	5	
[{"x":"\ud800"}]	{k: .}	5	5	
[{"x":"\ud800"}]	. | .	5	0	[{"x":"\ud800"}]
[{"x":"\ud800"}]	1+1	5	0	2
[{"x":"\ud800"}]	keys_unsorted, length	5	0	[0]|1
[{"x":"\ud800"}]	debug	5	5	
[{"x":"\ud800"}]	(., debug)	5	5	[{"x":"\ud800"}]
[{"x":"\ud800"}]	.[]|debug	5	5	
[{"x":"\ud800"}]	.[] | (., debug)	5	5	{"x":"\ud800"}
[{"x":"\ud800"}]	.[] | .,.	5	0	{"x":"\ud800"}|{"x":"\ud800"}
[{"x":"\ud800"}]	.[] | if . then . else . end	5	5	
[{"x":"\ud800"}]	.[] | try (1+1) catch "x"	5	0	2
[{"x":"\ud800"}]	.[] | 1+1	5	0	2
[{"x":"\ud800"}]	.[] | label $x | .	5	0	{"x":"\ud800"}
[{"x":"\ud800"}]	.[] | def f: .; f	5	0	{"x":"\ud800"}
[{"x":"\ud800"}]	.[] | . as $x | $x	5	5	
[{"x":"\ud800"}]	.a | (., debug)	5	5	
[{"x":"\ud800"}]	.a | if . then . else . end	5	5	
[{"x":"\ud800"}]	.a | 1+1	5	5	
[{"x":"\ud800"}]	.[] | select(. != null)	5	5	
[{"x":"\ud800"}]	.[] | tostring	5	5	
