---
source: tests/cli_golden_tests.rs
expression: output
---
{"unicode":["Hello 世界","Привет мир","مرحبا بالعالم","Hello 🌍🌎🌏","Café ☕","日本語テキスト","한글 텍스트","Γεια σου κόσμε","שלום עולם","नमस्ते दुनिया","Emoji: 😀🎉🚀💻🔥","Math: ∑∫∂∇√∞","Arrows: ←↑→↓↔↕","Hello 世界","Привет мир","مرحبا بالعالم","Hello 🌍🌎🌏","Café ☕","日本語テキスト","한글 텍스트","Γεια σου κόσμε","שלום עולם","नमस्ते दुनिया","Emoji: 😀🎉🚀💻🔥","Math: ∑∫∂∇√∞","Arrows: ←↑→↓↔↕","Hello 世界","Привет мир","مرحبا بالعالم","Hello 🌍🌎🌏","Café ☕","日本語テキスト","한글 텍스트","Γεια σου κόσμε","שלום עולם","नमस्ते दुनिया","Emoji: 😀🎉🚀💻🔥","Math: ∑∫∂∇√∞","Arrows: ←↑→↓↔↕","Hello 世界","Привет мир","مرحبا بالعالم","Hello 🌍🌎🌏"]}
