---
source: tests/cli_golden_tests.rs
expression: output
---
{"users":[{"id":0,"name":"User0","email":"user0@example.com","age":31,"active":true,"score":681},{"id":1,"name":"User1","email":"user1@example.com","age":27,"active":true,"score":950},{"id":2,"name":"User2","email":"user2@example.com","age":65,"active":true,"score":427},{"id":3,"name":"User3","email":"user3@example.com","age":39,"active":true,"score":627},{"id":4,"name":"User4","email":"user4@example.com","age":63,"active":true,"score":288},{"id":5,"name":"User5","email":"user5@example.com","age":57,"active":true,"score":149}]}
