---
source: tests/cli_golden_tests.rs
expression: output
---
{"level":0,"data":{"level":1,"data":{"level":2,"data":"paddingpaddingpaddingpaddingpaddingpaddingpaddingpaddingpaddingpaddingpaddingpaddingpaddingpaddingpaddingpaddingpaddingpaddingpaddingpaddingpaddingpaddingpaddingpaddingpaddingpaddingpaddingpaddingpaddingpaddingpaddingpaddingpaddingpaddingpaddingpaddingpaddingpaddingpaddingpaddingpaddingpaddingpaddingpaddingpaddingpaddingpaddingpaddingpaddingpadding"}}}
