---
source: tests/jq_evaluator_parity_tests.rs
expression: rendered
---
{"a":{"b":1,"c":2},"d":[10,20]}
  jq  key
   => []
  yq  key
   => []
{"a":{"b":1,"c":2},"d":[10,20]}
  jq  parent
   => []
  yq  parent
   => []
{"a":{"b":1,"c":2},"d":[10,20]}
  jq  path
   => [[]]
  yq  path
   => [[]]
{"a":{"b":1,"c":2},"d":[10,20]}
  jq  .a | key
   => ["a"]
  yq  .a | key
   => ["a"]
{"a":{"b":1,"c":2},"d":[10,20]}
  jq  .a | path
   => [["a"]]
  yq  .a | path
   => [["a"]]
{"a":{"b":1,"c":2},"d":[10,20]}
  jq  .a | parent
   => [{"a":{"b":1,"c":2},"d":[10,20]}]
  yq  .a | parent
   => [{"a":{"b":1,"c":2},"d":[10,20]}]
{"a":{"b":1,"c":2},"d":[10,20]}
  jq  .a[] | key
   => ["b", "c"]
  yq  .a[] | key
   => ["b", "c"]
{"a":{"b":1,"c":2},"d":[10,20]}
  jq  .a[] | path
   => [["a","b"], ["a","c"]]
  yq  .a[] | path
   => [["a","b"], ["a","c"]]
{"a":{"b":1,"c":2},"d":[10,20]}
  jq  .a[] | parent
   => [{"b":1,"c":2}, {"b":1,"c":2}]
  yq  .a[] | parent
   => [{"b":1,"c":2}, {"b":1,"c":2}]
{"a":{"b":1,"c":2},"d":[10,20]}
  jq  .d[] | key
   => [0, 1]
  yq  .d[] | key
   => [0, 1]
{"a":{"b":1,"c":2},"d":[10,20]}
  jq  .d[] | path
   => [["d",0], ["d",1]]
  yq  .d[] | path
   => [["d",0], ["d",1]]
{"a":{"b":1,"c":2},"d":[10,20]}
  jq  .[] | key
   => ["a", "d"]
  yq  .[] | key
   => ["a", "d"]
{"a":{"b":1,"c":2},"d":[10,20]}
  jq  [.[] | key]
   => [["a","d"]]
  yq  [.[] | key]
   => [["a","d"]]
{"a":{"b":1,"c":2},"d":[10,20]}
  jq  [.a[] | key]
   => [["b","c"]]
  yq  [.a[] | key]
   => [["b","c"]]
{"a":{"b":1,"c":2},"d":[10,20]}
  jq  [.a[] | path]
   => [[["a","b"],["a","c"]]]
  yq  [.a[] | path]
   => [[["a","b"],["a","c"]]]
{"a":{"b":1,"c":2},"d":[10,20]}
  jq  .a.b | path
   => [["a","b"]]
  yq  .a.b | path
   => [["a","b"]]
{"a":{"b":1,"c":2},"d":[10,20]}
  jq  .a.b | parent | key
   => ["a"]
  yq  .a.b | parent | key
   => ["a"]
{"a":{"b":1,"c":2},"d":[10,20]}
  jq  .a[] | parent(1) | key
   => ["a", "a"]
  yq  .a[] | parent(1) | key
   => ["a", "a"]
{"a":{"b":1,"c":2},"d":[10,20]}
  jq  .a[] | parent(0) | key
   => ["b", "c"]
  yq  .a[] | parent(0) | key
   => ["b", "c"]
{"a":{"b":1,"c":2},"d":[10,20]}
  jq  [.a[] | (key, path)]
   => [["b",["a","b"],"c",["a","c"]]]
  yq  [.a[] | (key, path)]
   => [["b","c",["a","b"],["a","c"]]]
{"a":{"b":1,"c":2},"d":[10,20]}
  jq  .a | key | tostring
   => ["a"]
  yq  .a | key | tostring
   => ["a"]
{"a":{"b":1,"c":2},"d":[10,20]}
  jq  [.a[] | key] | length
   => [2]
  yq  [.a[] | key] | length
   => [2]
{"a":{"b":1,"c":2},"d":[10,20]}
  jq  [.d[] | path] | flatten
   => [["d",0,"d",1]]
  yq  [.d[] | path] | flatten
   => [["d",0,"d",1]]
{"a":{"b":1,"c":2},"d":[10,20]}
  jq  .a[] | select(true) | key
   => ["b", "c"]
  yq  .a[] | select(true) | key
   => ["b", "c"]
{"a":{"b":1,"c":2},"d":[10,20]}
  jq  {"k": key}
   => []
  yq  {"k": key}
   => []
{"a":{"b":1,"c":2},"d":[10,20]}
  jq  [.a[] | {"k": key}]
   => [[{"k":"b"},{"k":"c"}]]
  yq  [.a[] | {"k": key}]
   => [[{"k":"b"},{"k":"c"}]]
{"a":{"b":1,"c":2},"d":[10,20]}
  jq  first(.a[] | key)
   => ["b"]
  yq  first(.a[] | key)
   => ["b"]
{"a":{"b":1,"c":2},"d":[10,20]}
  jq  [limit(1; .a[] | key)]
   => [["b"]]
  yq  [limit(1; .a[] | key)]
   => [["b"]]
{"a":{"b":1,"c":2},"d":[10,20]}
  jq  [foreach (.a[] | key) as $k ([]; . + [$k])] | last
   => [["b","c"]]
  yq  [foreach (.a[] | key) as $k ([]; . + [$k])] | last
   => [["b","c"]]
{"a":{"b":1,"c":2},"d":[10,20]}
  jq  [reduce (.a[] | key) as $k ([]; . + [$k])]
   => [[["b","c"]]]
  yq  [reduce (.a[] | key) as $k ([]; . + [$k])]
   => [[["b","c"]]]
{"a":{"b":1,"c":2},"d":[10,20]}
  jq  try (.a[] | key) catch "e"
   => ["b", "c"]
  yq  try (.a[] | key) catch "e"
   => ["b", "c"]
{"a":{"b":1,"c":2},"d":[10,20]}
  jq  (.a[] | key)?
   => ["b", "c"]
  yq  (.a[] | key)?
   => ["b", "c"]
{"a":{"b":1,"c":2},"d":[10,20]}
  jq  label $o | (.a[] | key, break $o)
   => ["b"]
  yq  label $o | (.a[] | key, break $o)
   => []
{"a":{"b":1,"c":2},"d":[10,20]}
  jq  .a[] | key as $k | $k
   => ["b", "c"]
  yq  .a[] | key as $k | $k
   => ["b", "c"]
{"a":{"b":1,"c":2},"d":[10,20]}
  jq  .a.zz | key
   => ["zz"]
  yq  .a.zz | key
   => ["zz"]
{"a":{"b":1,"c":2},"d":[10,20]}
  jq  .a.zz | path
   => [["a","zz"]]
  yq  .a.zz | path
   => [["a","zz"]]
{"a":{"b":1,"c":2},"d":[10,20]}
  jq  .a.zz | parent
   => [{"b":1,"c":2}]
  yq  .a.zz | parent
   => [{"b":1,"c":2}]
{"a":{"b":1,"c":2},"d":[10,20]}
  jq  .a.zz.yy | key
   => ["yy"]
  yq  .a.zz.yy | key
   => ["yy"]
{"a":{"b":1,"c":2},"d":[10,20]}
  jq  .a.zz.yy | path
   => [["a","zz","yy"]]
  yq  .a.zz.yy | path
   => [["a","zz","yy"]]
{"a":{"b":1,"c":2},"d":[10,20]}
  jq  .a.zz | select(key == "zz")
   => [null]
  yq  .a.zz | select(key == "zz")
   => [null]
{"a":{"b":1,"c":2},"d":[10,20]}
  jq  .a.zz | select(true) | key
   => ["zz"]
  yq  .a.zz | select(true) | key
   => ["zz"]
{"a":{"b":1,"c":2},"d":[10,20]}
  jq  .a.zz | [key, path]
   => [["zz",["a","zz"]]]
  yq  .a.zz | [key, path]
   => [["zz",["a","zz"]]]
{"a":{"b":1,"c":2},"d":[10,20]}
  jq  .a.zz | (key, path)
   => ["zz", ["a","zz"]]
  yq  .a.zz | (key, path)
   => ["zz", ["a","zz"]]
{"a":{"b":1,"c":2},"d":[10,20]}
  jq  .a.zz | key | tostring
   => ["zz"]
  yq  .a.zz | key | tostring
   => ["zz"]
{"a":{"b":1,"c":2},"d":[10,20]}
  jq  .a.zz | file_index
   => [0]
  yq  .a.zz | file_index
   => [0]
{"a":{"b":1,"c":2},"d":[10,20]}
  jq  .a.zz | if key == "zz" then 1 else 2 end
   => [1]
  yq  .a.zz | if key == "zz" then 1 else 2 end
   => [1]
{"a":{"b":1,"c":2},"d":[10,20]}
  jq  .d[9] | key
   => [9]
  yq  .d[9] | key
   => [9]
{"a":{"b":1,"c":2},"d":[10,20]}
  jq  .d[9] | path
   => [["d",9]]
  yq  .d[9] | path
   => [["d",9]]
{"a":{"b":1,"c":2},"d":[10,20]}
  jq  .d[9] | select(key == 9)
   => [null]
  yq  .d[9] | select(key == 9)
   => [null]
{"a":{"b":1,"c":2},"d":[10,20]}
  jq  .zz.yy | path
   => [["zz","yy"]]
  yq  .zz.yy | path
   => [["zz","yy"]]
{"a":{"b":1,"c":2},"d":[10,20]}
  jq  .a.zz | limit(1; key)
   => ["zz"]
  yq  .a.zz | limit(1; key)
   => ["zz"]
{"a":{"b":1,"c":2},"d":[10,20]}
  jq  .a.zz | first(key)
   => ["zz"]
  yq  .a.zz | first(key)
   => ["zz"]
{"a":{"b":1,"c":2},"d":[10,20]}
  jq  .a.zz | try (key) catch "e"
   => ["zz"]
  yq  .a.zz | try (key) catch "e"
   => ["zz"]
{"a":{"b":1,"c":2},"d":[10,20]}
  jq  .a.zz.yy | [path, parent]
   => [[["a","zz","yy"],null]]
  yq  .a.zz.yy | [path, parent]
   => [[["a","zz","yy"],null]]
{"a":{"b":1,"c":2},"d":[10,20]}
  jq  .a? | key
   => ["a"]
  yq  .a? | key
   => ["a"]
{"a":{"b":1,"c":2},"d":[10,20]}
  jq  .a? | path
   => [["a"]]
  yq  .a? | path
   => [["a"]]
{"a":{"b":1,"c":2},"d":[10,20]}
  jq  .a? | parent
   => [{"a":{"b":1,"c":2},"d":[10,20]}]
  yq  .a? | parent
   => [{"a":{"b":1,"c":2},"d":[10,20]}]
{"a":{"b":1,"c":2},"d":[10,20]}
  jq  .a?.b | key
   => ["b"]
  yq  .a?.b | key
   => ["b"]
{"a":{"b":1,"c":2},"d":[10,20]}
  jq  (.a?) | key
   => ["a"]
  yq  (.a?) | key
   => ["a"]
{"a":{"b":1,"c":2},"d":[10,20]}
  jq  .a? | [key, path]
   => [["a",["a"]]]
  yq  .a? | [key, path]
   => [["a",["a"]]]
{"a":{"b":1,"c":2},"d":[10,20]}
  jq  .a? | (key, path)
   => ["a", ["a"]]
  yq  .a? | (key, path)
   => ["a", ["a"]]
{"a":{"b":1,"c":2},"d":[10,20]}
  jq  .a?[] | key
   => ["b", "c"]
  yq  .a?[] | key
   => ["b", "c"]
{"a":{"b":1,"c":2},"d":[10,20]}
  jq  .a[]? | key
   => ["b", "c"]
  yq  .a[]? | key
   => ["b", "c"]
{"a":{"b":1,"c":2},"d":[10,20]}
  jq  [.a?[] | key]
   => [["b","c"]]
  yq  [.a?[] | key]
   => [["b","c"]]
{"a":{"b":1,"c":2},"d":[10,20]}
  jq  .a? | select(key == "a")
   => [{"b":1,"c":2}]
  yq  .a? | select(key == "a")
   => [{"b":1,"c":2}]
{"a":{"b":1,"c":2},"d":[10,20]}
  jq  .a? | select(true) | key
   => ["a"]
  yq  .a? | select(true) | key
   => ["a"]
{"a":{"b":1,"c":2},"d":[10,20]}
  jq  .a.zz? | key
   => ["zz"]
  yq  .a.zz? | key
   => ["zz"]
{"a":{"b":1,"c":2},"d":[10,20]}
  jq  .a.zz? | path
   => [["a","zz"]]
  yq  .a.zz? | path
   => [["a","zz"]]
{"a":{"b":1,"c":2},"d":[10,20]}
  jq  .a.zz? | [path, parent]
   => [[["a","zz"],{"b":1,"c":2}]]
  yq  .a.zz? | [path, parent]
   => [[["a","zz"],{"b":1,"c":2}]]
{"a":{"b":1,"c":2},"d":[10,20]}
  jq  .d[9]? | key
   => [9]
  yq  .d[9]? | key
   => [9]
{"a":{"b":1,"c":2},"d":[10,20]}
  jq  .[0]? | key
   => []
  yq  .[0]? | key
   => [0]
{"a":{"b":1,"c":2},"d":[10,20]}
  jq  .a? | key | tostring
   => ["a"]
  yq  .a? | key | tostring
   => ["a"]
{"a":{"b":1,"c":2},"d":[10,20]}
  jq  .a? | first(key)
   => ["a"]
  yq  .a? | first(key)
   => ["a"]
{"a":{"b":1,"c":2},"d":[10,20]}
  jq  .a? | try (key) catch "e"
   => ["a"]
  yq  .a? | try (key) catch "e"
   => ["a"]
{"a":{"b":1,"c":2},"d":[10,20]}
  jq  .d[(0+0)] | key
   => [0]
  yq  .d[(0+0)] | key
   => [0]
{"a":{"b":1,"c":2},"d":[10,20]}
  jq  .d[(0+0)] | path
   => [["d",0]]
  yq  .d[(0+0)] | path
   => [["d",0]]
{"a":{"b":1,"c":2},"d":[10,20]}
  jq  .d[(0+0)] | parent
   => [[10,20]]
  yq  .d[(0+0)] | parent
   => [[10,20]]
{"a":{"b":1,"c":2},"d":[10,20]}
  jq  .d[(0+0)] | file_index
   => [0]
  yq  .d[(0+0)] | file_index
   => [0]
{"a":{"b":1,"c":2},"d":[10,20]}
  jq  .d[(0+1)]? | key
   => [1]
  yq  .d[(0+1)]? | key
   => [1]
{"a":{"b":1,"c":2},"d":[10,20]}
  jq  .d[(9+0)] | key
   => [9]
  yq  .d[(9+0)] | key
   => [9]
{"a":{"b":1,"c":2},"d":[10,20]}
  jq  .d[(9+0)] | path
   => [["d",9]]
  yq  .d[(9+0)] | path
   => [["d",9]]
{"a":{"b":1,"c":2},"d":[10,20]}
  jq  .d[(0+0)] | parent | key
   => ["d"]
  yq  .d[(0+0)] | parent | key
   => ["d"]
{"a":{"b":1,"c":2},"d":[10,20]}
  jq  .d[(0+0)][(0+0)] | key
   => []
  yq  .d[(0+0)][(0+0)] | key
   => []
{"a":{"b":1,"c":2},"d":[10,20]}
  jq  .d[(0+0)] | [key, path]
   => [[0,["d",0]]]
  yq  .d[(0+0)] | [key, path]
   => [[0,["d",0]]]
{"a":{"b":1,"c":2},"d":[10,20]}
  jq  .d[(0+0)] | (key, path)
   => [0, ["d",0]]
  yq  .d[(0+0)] | (key, path)
   => [0, ["d",0]]
{"a":{"b":1,"c":2},"d":[10,20]}
  jq  .a[("b"+"")] | key
   => ["b"]
  yq  .a[("b"+"")] | key
   => ["b"]
{"a":{"b":1,"c":2},"d":[10,20]}
  jq  .a[("b"+"")] | path
   => [["a","b"]]
  yq  .a[("b"+"")] | path
   => [["a","b"]]
{"a":{"b":1,"c":2},"d":[10,20]}
  jq  .a[("b"+"")] | parent
   => [{"b":1,"c":2}]
  yq  .a[("b"+"")] | parent
   => [{"b":1,"c":2}]
{"a":{"b":1,"c":2},"d":[10,20]}
  jq  .a[("b"+"")]? | key
   => ["b"]
  yq  .a[("b"+"")]? | key
   => ["b"]
{"a":{"b":1,"c":2},"d":[10,20]}
  jq  .a[("z"+"z")] | key
   => ["zz"]
  yq  .a[("z"+"z")] | key
   => ["zz"]
{"a":{"b":1,"c":2},"d":[10,20]}
  jq  .a[("z"+"z")] | path
   => [["a","zz"]]
  yq  .a[("z"+"z")] | path
   => [["a","zz"]]
{"a":{"b":1,"c":2},"d":[10,20]}
  jq  .a[("z"+"z")] | [key, path]
   => [["zz",["a","zz"]]]
  yq  .a[("z"+"z")] | [key, path]
   => [["zz",["a","zz"]]]
{"a":{"b":1,"c":2},"d":[10,20]}
  jq  .a[("b"+"")] | key | tostring
   => ["b"]
  yq  .a[("b"+"")] | key | tostring
   => ["b"]
{"a":{"b":1,"c":2},"d":[10,20]}
  jq  .a[("b"+"")] | select(true) | key
   => ["b"]
  yq  .a[("b"+"")] | select(true) | key
   => ["b"]
{"a":{"b":1,"c":2},"d":[10,20]}
  jq  .a[("b"+"")] | first(key)
   => ["b"]
  yq  .a[("b"+"")] | first(key)
   => ["b"]
{"a":{"b":1,"c":2},"d":[10,20]}
  jq  .a[("b"+"")] | try (key) catch "e"
   => ["b"]
  yq  .a[("b"+"")] | try (key) catch "e"
   => ["b"]
{"a":{"b":1,"c":2},"d":[10,20]}
  jq  .zz[(0+0)] | key
   => [0]
  yq  .zz[(0+0)] | key
   => [0]
{"a":{"b":1,"c":2},"d":[10,20]}
  jq  .zz[(0+0)] | path
   => [["zz",0]]
  yq  .zz[(0+0)] | path
   => [["zz",0]]
{"a":{"b":1,"c":2},"d":[10,20]}
  jq  .a[(0+0)] | key
   => []
  yq  .a[(0+0)] | key
   => [0]
{"a":{"b":1,"c":2},"d":[10,20]}
  jq  .d[(0,1)] | key
   => [0, 1]
  yq  .d[(0,1)] | key
   => [0, 1]
{"a":{"b":1,"c":2},"d":[10,20]}
  jq  .d[(0,1)] | path
   => [["d",0], ["d",1]]
  yq  .d[(0,1)] | path
   => [["d",0], ["d",1]]
{"a":{"b":1,"c":2},"d":[10,20]}
  jq  getpath(["a"]) | key
   => ["a"]
  yq  getpath(["a"]) | key
   => ["a"]
{"a":{"b":1,"c":2},"d":[10,20]}
  jq  .d[(0+0):(0+1)] | key
   => [{"start":0,"end":1}]
  yq  .d[(0+0):(0+1)] | key
   => ["d"]
{"a":{"b":{"e":1}},"d":[[1],[2]]}
  jq  key
   => []
  yq  key
   => []
{"a":{"b":{"e":1}},"d":[[1],[2]]}
  jq  parent
   => []
  yq  parent
   => []
{"a":{"b":{"e":1}},"d":[[1],[2]]}
  jq  path
   => [[]]
  yq  path
   => [[]]
{"a":{"b":{"e":1}},"d":[[1],[2]]}
  jq  .a | key
   => ["a"]
  yq  .a | key
   => ["a"]
{"a":{"b":{"e":1}},"d":[[1],[2]]}
  jq  .a | path
   => [["a"]]
  yq  .a | path
   => [["a"]]
{"a":{"b":{"e":1}},"d":[[1],[2]]}
  jq  .a | parent
   => [{"a":{"b":{"e":1}},"d":[[1],[2]]}]
  yq  .a | parent
   => [{"a":{"b":{"e":1}},"d":[[1],[2]]}]
{"a":{"b":{"e":1}},"d":[[1],[2]]}
  jq  .a[] | key
   => ["b"]
  yq  .a[] | key
   => ["b"]
{"a":{"b":{"e":1}},"d":[[1],[2]]}
  jq  .a[] | path
   => [["a","b"]]
  yq  .a[] | path
   => [["a","b"]]
{"a":{"b":{"e":1}},"d":[[1],[2]]}
  jq  .a[] | parent
   => [{"b":{"e":1}}]
  yq  .a[] | parent
   => [{"b":{"e":1}}]
{"a":{"b":{"e":1}},"d":[[1],[2]]}
  jq  .d[] | key
   => [0, 1]
  yq  .d[] | key
   => [0, 1]
{"a":{"b":{"e":1}},"d":[[1],[2]]}
  jq  .d[] | path
   => [["d",0], ["d",1]]
  yq  .d[] | path
   => [["d",0], ["d",1]]
{"a":{"b":{"e":1}},"d":[[1],[2]]}
  jq  .[] | key
   => ["a", "d"]
  yq  .[] | key
   => ["a", "d"]
{"a":{"b":{"e":1}},"d":[[1],[2]]}
  jq  [.[] | key]
   => [["a","d"]]
  yq  [.[] | key]
   => [["a","d"]]
{"a":{"b":{"e":1}},"d":[[1],[2]]}
  jq  [.a[] | key]
   => [["b"]]
  yq  [.a[] | key]
   => [["b"]]
{"a":{"b":{"e":1}},"d":[[1],[2]]}
  jq  [.a[] | path]
   => [[["a","b"]]]
  yq  [.a[] | path]
   => [[["a","b"]]]
{"a":{"b":{"e":1}},"d":[[1],[2]]}
  jq  .a.b | path
   => [["a","b"]]
  yq  .a.b | path
   => [["a","b"]]
{"a":{"b":{"e":1}},"d":[[1],[2]]}
  jq  .a.b | parent | key
   => ["a"]
  yq  .a.b | parent | key
   => ["a"]
{"a":{"b":{"e":1}},"d":[[1],[2]]}
  jq  .a[] | parent(1) | key
   => ["a"]
  yq  .a[] | parent(1) | key
   => ["a"]
{"a":{"b":{"e":1}},"d":[[1],[2]]}
  jq  .a[] | parent(0) | key
   => ["b"]
  yq  .a[] | parent(0) | key
   => ["b"]
{"a":{"b":{"e":1}},"d":[[1],[2]]}
  jq  [.a[] | (key, path)]
   => [["b",["a","b"]]]
  yq  [.a[] | (key, path)]
   => [["b",["a","b"]]]
{"a":{"b":{"e":1}},"d":[[1],[2]]}
  jq  .a | key | tostring
   => ["a"]
  yq  .a | key | tostring
   => ["a"]
{"a":{"b":{"e":1}},"d":[[1],[2]]}
  jq  [.a[] | key] | length
   => [1]
  yq  [.a[] | key] | length
   => [1]
{"a":{"b":{"e":1}},"d":[[1],[2]]}
  jq  [.d[] | path] | flatten
   => [["d",0,"d",1]]
  yq  [.d[] | path] | flatten
   => [["d",0,"d",1]]
{"a":{"b":{"e":1}},"d":[[1],[2]]}
  jq  .a[] | select(true) | key
   => ["b"]
  yq  .a[] | select(true) | key
   => ["b"]
{"a":{"b":{"e":1}},"d":[[1],[2]]}
  jq  {"k": key}
   => []
  yq  {"k": key}
   => []
{"a":{"b":{"e":1}},"d":[[1],[2]]}
  jq  [.a[] | {"k": key}]
   => [[{"k":"b"}]]
  yq  [.a[] | {"k": key}]
   => [[{"k":"b"}]]
{"a":{"b":{"e":1}},"d":[[1],[2]]}
  jq  first(.a[] | key)
   => ["b"]
  yq  first(.a[] | key)
   => ["b"]
{"a":{"b":{"e":1}},"d":[[1],[2]]}
  jq  [limit(1; .a[] | key)]
   => [["b"]]
  yq  [limit(1; .a[] | key)]
   => [["b"]]
{"a":{"b":{"e":1}},"d":[[1],[2]]}
  jq  [foreach (.a[] | key) as $k ([]; . + [$k])] | last
   => [["b"]]
  yq  [foreach (.a[] | key) as $k ([]; . + [$k])] | last
   => [["b"]]
{"a":{"b":{"e":1}},"d":[[1],[2]]}
  jq  [reduce (.a[] | key) as $k ([]; . + [$k])]
   => [[["b"]]]
  yq  [reduce (.a[] | key) as $k ([]; . + [$k])]
   => [[["b"]]]
{"a":{"b":{"e":1}},"d":[[1],[2]]}
  jq  try (.a[] | key) catch "e"
   => ["b"]
  yq  try (.a[] | key) catch "e"
   => ["b"]
{"a":{"b":{"e":1}},"d":[[1],[2]]}
  jq  (.a[] | key)?
   => ["b"]
  yq  (.a[] | key)?
   => ["b"]
{"a":{"b":{"e":1}},"d":[[1],[2]]}
  jq  label $o | (.a[] | key, break $o)
   => ["b"]
  yq  label $o | (.a[] | key, break $o)
   => []
{"a":{"b":{"e":1}},"d":[[1],[2]]}
  jq  .a[] | key as $k | $k
   => ["b"]
  yq  .a[] | key as $k | $k
   => ["b"]
{"a":{"b":{"e":1}},"d":[[1],[2]]}
  jq  .a.zz | key
   => ["zz"]
  yq  .a.zz | key
   => ["zz"]
{"a":{"b":{"e":1}},"d":[[1],[2]]}
  jq  .a.zz | path
   => [["a","zz"]]
  yq  .a.zz | path
   => [["a","zz"]]
{"a":{"b":{"e":1}},"d":[[1],[2]]}
  jq  .a.zz | parent
   => [{"b":{"e":1}}]
  yq  .a.zz | parent
   => [{"b":{"e":1}}]
{"a":{"b":{"e":1}},"d":[[1],[2]]}
  jq  .a.zz.yy | key
   => ["yy"]
  yq  .a.zz.yy | key
   => ["yy"]
{"a":{"b":{"e":1}},"d":[[1],[2]]}
  jq  .a.zz.yy | path
   => [["a","zz","yy"]]
  yq  .a.zz.yy | path
   => [["a","zz","yy"]]
{"a":{"b":{"e":1}},"d":[[1],[2]]}
  jq  .a.zz | select(key == "zz")
   => [null]
  yq  .a.zz | select(key == "zz")
   => [null]
{"a":{"b":{"e":1}},"d":[[1],[2]]}
  jq  .a.zz | select(true) | key
   => ["zz"]
  yq  .a.zz | select(true) | key
   => ["zz"]
{"a":{"b":{"e":1}},"d":[[1],[2]]}
  jq  .a.zz | [key, path]
   => [["zz",["a","zz"]]]
  yq  .a.zz | [key, path]
   => [["zz",["a","zz"]]]
{"a":{"b":{"e":1}},"d":[[1],[2]]}
  jq  .a.zz | (key, path)
   => ["zz", ["a","zz"]]
  yq  .a.zz | (key, path)
   => ["zz", ["a","zz"]]
{"a":{"b":{"e":1}},"d":[[1],[2]]}
  jq  .a.zz | key | tostring
   => ["zz"]
  yq  .a.zz | key | tostring
   => ["zz"]
{"a":{"b":{"e":1}},"d":[[1],[2]]}
  jq  .a.zz | file_index
   => [0]
  yq  .a.zz | file_index
   => [0]
{"a":{"b":{"e":1}},"d":[[1],[2]]}
  jq  .a.zz | if key == "zz" then 1 else 2 end
   => [1]
  yq  .a.zz | if key == "zz" then 1 else 2 end
   => [1]
{"a":{"b":{"e":1}},"d":[[1],[2]]}
  jq  .d[9] | key
   => [9]
  yq  .d[9] | key
   => [9]
{"a":{"b":{"e":1}},"d":[[1],[2]]}
  jq  .d[9] | path
   => [["d",9]]
  yq  .d[9] | path
   => [["d",9]]
{"a":{"b":{"e":1}},"d":[[1],[2]]}
  jq  .d[9] | select(key == 9)
   => [null]
  yq  .d[9] | select(key == 9)
   => [null]
{"a":{"b":{"e":1}},"d":[[1],[2]]}
  jq  .zz.yy | path
   => [["zz","yy"]]
  yq  .zz.yy | path
   => [["zz","yy"]]
{"a":{"b":{"e":1}},"d":[[1],[2]]}
  jq  .a.zz | limit(1; key)
   => ["zz"]
  yq  .a.zz | limit(1; key)
   => ["zz"]
{"a":{"b":{"e":1}},"d":[[1],[2]]}
  jq  .a.zz | first(key)
   => ["zz"]
  yq  .a.zz | first(key)
   => ["zz"]
{"a":{"b":{"e":1}},"d":[[1],[2]]}
  jq  .a.zz | try (key) catch "e"
   => ["zz"]
  yq  .a.zz | try (key) catch "e"
   => ["zz"]
{"a":{"b":{"e":1}},"d":[[1],[2]]}
  jq  .a.zz.yy | [path, parent]
   => [[["a","zz","yy"],null]]
  yq  .a.zz.yy | [path, parent]
   => [[["a","zz","yy"],null]]
{"a":{"b":{"e":1}},"d":[[1],[2]]}
  jq  .a? | key
   => ["a"]
  yq  .a? | key
   => ["a"]
{"a":{"b":{"e":1}},"d":[[1],[2]]}
  jq  .a? | path
   => [["a"]]
  yq  .a? | path
   => [["a"]]
{"a":{"b":{"e":1}},"d":[[1],[2]]}
  jq  .a? | parent
   => [{"a":{"b":{"e":1}},"d":[[1],[2]]}]
  yq  .a? | parent
   => [{"a":{"b":{"e":1}},"d":[[1],[2]]}]
{"a":{"b":{"e":1}},"d":[[1],[2]]}
  jq  .a?.b | key
   => ["b"]
  yq  .a?.b | key
   => ["b"]
{"a":{"b":{"e":1}},"d":[[1],[2]]}
  jq  (.a?) | key
   => ["a"]
  yq  (.a?) | key
   => ["a"]
{"a":{"b":{"e":1}},"d":[[1],[2]]}
  jq  .a? | [key, path]
   => [["a",["a"]]]
  yq  .a? | [key, path]
   => [["a",["a"]]]
{"a":{"b":{"e":1}},"d":[[1],[2]]}
  jq  .a? | (key, path)
   => ["a", ["a"]]
  yq  .a? | (key, path)
   => ["a", ["a"]]
{"a":{"b":{"e":1}},"d":[[1],[2]]}
  jq  .a?[] | key
   => ["b"]
  yq  .a?[] | key
   => ["b"]
{"a":{"b":{"e":1}},"d":[[1],[2]]}
  jq  .a[]? | key
   => ["b"]
  yq  .a[]? | key
   => ["b"]
{"a":{"b":{"e":1}},"d":[[1],[2]]}
  jq  [.a?[] | key]
   => [["b"]]
  yq  [.a?[] | key]
   => [["b"]]
{"a":{"b":{"e":1}},"d":[[1],[2]]}
  jq  .a? | select(key == "a")
   => [{"b":{"e":1}}]
  yq  .a? | select(key == "a")
   => [{"b":{"e":1}}]
{"a":{"b":{"e":1}},"d":[[1],[2]]}
  jq  .a? | select(true) | key
   => ["a"]
  yq  .a? | select(true) | key
   => ["a"]
{"a":{"b":{"e":1}},"d":[[1],[2]]}
  jq  .a.zz? | key
   => ["zz"]
  yq  .a.zz? | key
   => ["zz"]
{"a":{"b":{"e":1}},"d":[[1],[2]]}
  jq  .a.zz? | path
   => [["a","zz"]]
  yq  .a.zz? | path
   => [["a","zz"]]
{"a":{"b":{"e":1}},"d":[[1],[2]]}
  jq  .a.zz? | [path, parent]
   => [[["a","zz"],{"b":{"e":1}}]]
  yq  .a.zz? | [path, parent]
   => [[["a","zz"],{"b":{"e":1}}]]
{"a":{"b":{"e":1}},"d":[[1],[2]]}
  jq  .d[9]? | key
   => [9]
  yq  .d[9]? | key
   => [9]
{"a":{"b":{"e":1}},"d":[[1],[2]]}
  jq  .[0]? | key
   => []
  yq  .[0]? | key
   => [0]
{"a":{"b":{"e":1}},"d":[[1],[2]]}
  jq  .a? | key | tostring
   => ["a"]
  yq  .a? | key | tostring
   => ["a"]
{"a":{"b":{"e":1}},"d":[[1],[2]]}
  jq  .a? | first(key)
   => ["a"]
  yq  .a? | first(key)
   => ["a"]
{"a":{"b":{"e":1}},"d":[[1],[2]]}
  jq  .a? | try (key) catch "e"
   => ["a"]
  yq  .a? | try (key) catch "e"
   => ["a"]
{"a":{"b":{"e":1}},"d":[[1],[2]]}
  jq  .d[(0+0)] | key
   => [0]
  yq  .d[(0+0)] | key
   => [0]
{"a":{"b":{"e":1}},"d":[[1],[2]]}
  jq  .d[(0+0)] | path
   => [["d",0]]
  yq  .d[(0+0)] | path
   => [["d",0]]
{"a":{"b":{"e":1}},"d":[[1],[2]]}
  jq  .d[(0+0)] | parent
   => [[[1],[2]]]
  yq  .d[(0+0)] | parent
   => [[[1],[2]]]
{"a":{"b":{"e":1}},"d":[[1],[2]]}
  jq  .d[(0+0)] | file_index
   => [0]
  yq  .d[(0+0)] | file_index
   => [0]
{"a":{"b":{"e":1}},"d":[[1],[2]]}
  jq  .d[(0+1)]? | key
   => [1]
  yq  .d[(0+1)]? | key
   => [1]
{"a":{"b":{"e":1}},"d":[[1],[2]]}
  jq  .d[(9+0)] | key
   => [9]
  yq  .d[(9+0)] | key
   => [9]
{"a":{"b":{"e":1}},"d":[[1],[2]]}
  jq  .d[(9+0)] | path
   => [["d",9]]
  yq  .d[(9+0)] | path
   => [["d",9]]
{"a":{"b":{"e":1}},"d":[[1],[2]]}
  jq  .d[(0+0)] | parent | key
   => ["d"]
  yq  .d[(0+0)] | parent | key
   => ["d"]
{"a":{"b":{"e":1}},"d":[[1],[2]]}
  jq  .d[(0+0)][(0+0)] | key
   => [0]
  yq  .d[(0+0)][(0+0)] | key
   => [0]
{"a":{"b":{"e":1}},"d":[[1],[2]]}
  jq  .d[(0+0)] | [key, path]
   => [[0,["d",0]]]
  yq  .d[(0+0)] | [key, path]
   => [[0,["d",0]]]
{"a":{"b":{"e":1}},"d":[[1],[2]]}
  jq  .d[(0+0)] | (key, path)
   => [0, ["d",0]]
  yq  .d[(0+0)] | (key, path)
   => [0, ["d",0]]
{"a":{"b":{"e":1}},"d":[[1],[2]]}
  jq  .a[("b"+"")] | key
   => ["b"]
  yq  .a[("b"+"")] | key
   => ["b"]
{"a":{"b":{"e":1}},"d":[[1],[2]]}
  jq  .a[("b"+"")] | path
   => [["a","b"]]
  yq  .a[("b"+"")] | path
   => [["a","b"]]
{"a":{"b":{"e":1}},"d":[[1],[2]]}
  jq  .a[("b"+"")] | parent
   => [{"b":{"e":1}}]
  yq  .a[("b"+"")] | parent
   => [{"b":{"e":1}}]
{"a":{"b":{"e":1}},"d":[[1],[2]]}
  jq  .a[("b"+"")]? | key
   => ["b"]
  yq  .a[("b"+"")]? | key
   => ["b"]
{"a":{"b":{"e":1}},"d":[[1],[2]]}
  jq  .a[("z"+"z")] | key
   => ["zz"]
  yq  .a[("z"+"z")] | key
   => ["zz"]
{"a":{"b":{"e":1}},"d":[[1],[2]]}
  jq  .a[("z"+"z")] | path
   => [["a","zz"]]
  yq  .a[("z"+"z")] | path
   => [["a","zz"]]
{"a":{"b":{"e":1}},"d":[[1],[2]]}
  jq  .a[("z"+"z")] | [key, path]
   => [["zz",["a","zz"]]]
  yq  .a[("z"+"z")] | [key, path]
   => [["zz",["a","zz"]]]
{"a":{"b":{"e":1}},"d":[[1],[2]]}
  jq  .a[("b"+"")] | key | tostring
   => ["b"]
  yq  .a[("b"+"")] | key | tostring
   => ["b"]
{"a":{"b":{"e":1}},"d":[[1],[2]]}
  jq  .a[("b"+"")] | select(true) | key
   => ["b"]
  yq  .a[("b"+"")] | select(true) | key
   => ["b"]
{"a":{"b":{"e":1}},"d":[[1],[2]]}
  jq  .a[("b"+"")] | first(key)
   => ["b"]
  yq  .a[("b"+"")] | first(key)
   => ["b"]
{"a":{"b":{"e":1}},"d":[[1],[2]]}
  jq  .a[("b"+"")] | try (key) catch "e"
   => ["b"]
  yq  .a[("b"+"")] | try (key) catch "e"
   => ["b"]
{"a":{"b":{"e":1}},"d":[[1],[2]]}
  jq  .zz[(0+0)] | key
   => [0]
  yq  .zz[(0+0)] | key
   => [0]
{"a":{"b":{"e":1}},"d":[[1],[2]]}
  jq  .zz[(0+0)] | path
   => [["zz",0]]
  yq  .zz[(0+0)] | path
   => [["zz",0]]
{"a":{"b":{"e":1}},"d":[[1],[2]]}
  jq  .a[(0+0)] | key
   => []
  yq  .a[(0+0)] | key
   => [0]
{"a":{"b":{"e":1}},"d":[[1],[2]]}
  jq  .d[(0,1)] | key
   => [0, 1]
  yq  .d[(0,1)] | key
   => [0, 1]
{"a":{"b":{"e":1}},"d":[[1],[2]]}
  jq  .d[(0,1)] | path
   => [["d",0], ["d",1]]
  yq  .d[(0,1)] | path
   => [["d",0], ["d",1]]
{"a":{"b":{"e":1}},"d":[[1],[2]]}
  jq  getpath(["a"]) | key
   => ["a"]
  yq  getpath(["a"]) | key
   => ["a"]
{"a":{"b":{"e":1}},"d":[[1],[2]]}
  jq  .d[(0+0):(0+1)] | key
   => [{"start":0,"end":1}]
  yq  .d[(0+0):(0+1)] | key
   => ["d"]
{"a":1,"a":2,"d":[10,20]}
  jq  key
   => []
  yq  key
   => []
{"a":1,"a":2,"d":[10,20]}
  jq  parent
   => []
  yq  parent
   => []
{"a":1,"a":2,"d":[10,20]}
  jq  path
   => [[]]
  yq  path
   => [[]]
{"a":1,"a":2,"d":[10,20]}
  jq  .a | key
   => ["a"]
  yq  .a | key
   => ["a"]
{"a":1,"a":2,"d":[10,20]}
  jq  .a | path
   => [["a"]]
  yq  .a | path
   => [["a"]]
{"a":1,"a":2,"d":[10,20]}
  jq  .a | parent
   => [{"a":2,"d":[10,20]}]
  yq  .a | parent
   => [{"a":2,"d":[10,20]}]
{"a":1,"a":2,"d":[10,20]}
  jq  .a[] | key
   => []
  yq  .a[] | key
   => []
{"a":1,"a":2,"d":[10,20]}
  jq  .a[] | path
   => []
  yq  .a[] | path
   => []
{"a":1,"a":2,"d":[10,20]}
  jq  .a[] | parent
   => []
  yq  .a[] | parent
   => []
{"a":1,"a":2,"d":[10,20]}
  jq  .d[] | key
   => [0, 1]
  yq  .d[] | key
   => [0, 1]
{"a":1,"a":2,"d":[10,20]}
  jq  .d[] | path
   => [["d",0], ["d",1]]
  yq  .d[] | path
   => [["d",0], ["d",1]]
{"a":1,"a":2,"d":[10,20]}
  jq  .[] | key
   => ["a", "d"]
  yq  .[] | key
   => ["a", "d"]
{"a":1,"a":2,"d":[10,20]}
  jq  [.[] | key]
   => [["a","d"]]
  yq  [.[] | key]
   => [["a","d"]]
{"a":1,"a":2,"d":[10,20]}
  jq  [.a[] | key]
   => []
  yq  [.a[] | key]
   => [[]]
{"a":1,"a":2,"d":[10,20]}
  jq  [.a[] | path]
   => []
  yq  [.a[] | path]
   => [[]]
{"a":1,"a":2,"d":[10,20]}
  jq  .a.b | path
   => []
  yq  .a.b | path
   => []
{"a":1,"a":2,"d":[10,20]}
  jq  .a.b | parent | key
   => []
  yq  .a.b | parent | key
   => []
{"a":1,"a":2,"d":[10,20]}
  jq  .a[] | parent(1) | key
   => []
  yq  .a[] | parent(1) | key
   => []
{"a":1,"a":2,"d":[10,20]}
  jq  .a[] | parent(0) | key
   => []
  yq  .a[] | parent(0) | key
   => []
{"a":1,"a":2,"d":[10,20]}
  jq  [.a[] | (key, path)]
   => []
  yq  [.a[] | (key, path)]
   => [[]]
{"a":1,"a":2,"d":[10,20]}
  jq  .a | key | tostring
   => ["a"]
  yq  .a | key | tostring
   => ["a"]
{"a":1,"a":2,"d":[10,20]}
  jq  [.a[] | key] | length
   => []
  yq  [.a[] | key] | length
   => [0]
{"a":1,"a":2,"d":[10,20]}
  jq  [.d[] | path] | flatten
   => [["d",0,"d",1]]
  yq  [.d[] | path] | flatten
   => [["d",0,"d",1]]
{"a":1,"a":2,"d":[10,20]}
  jq  .a[] | select(true) | key
   => []
  yq  .a[] | select(true) | key
   => []
{"a":1,"a":2,"d":[10,20]}
  jq  {"k": key}
   => []
  yq  {"k": key}
   => []
{"a":1,"a":2,"d":[10,20]}
  jq  [.a[] | {"k": key}]
   => []
  yq  [.a[] | {"k": key}]
   => [[]]
{"a":1,"a":2,"d":[10,20]}
  jq  first(.a[] | key)
   => []
  yq  first(.a[] | key)
   => []
{"a":1,"a":2,"d":[10,20]}
  jq  [limit(1; .a[] | key)]
   => []
  yq  [limit(1; .a[] | key)]
   => [[]]
{"a":1,"a":2,"d":[10,20]}
  jq  [foreach (.a[] | key) as $k ([]; . + [$k])] | last
   => []
  yq  [foreach (.a[] | key) as $k ([]; . + [$k])] | last
   => [null]
{"a":1,"a":2,"d":[10,20]}
  jq  [reduce (.a[] | key) as $k ([]; . + [$k])]
   => []
  yq  [reduce (.a[] | key) as $k ([]; . + [$k])]
   => [[[]]]
{"a":1,"a":2,"d":[10,20]}
  jq  try (.a[] | key) catch "e"
   => ["e"]
  yq  try (.a[] | key) catch "e"
   => []
{"a":1,"a":2,"d":[10,20]}
  jq  (.a[] | key)?
   => []
  yq  (.a[] | key)?
   => []
{"a":1,"a":2,"d":[10,20]}
  jq  label $o | (.a[] | key, break $o)
   => []
  yq  label $o | (.a[] | key, break $o)
   => []
{"a":1,"a":2,"d":[10,20]}
  jq  .a[] | key as $k | $k
   => []
  yq  .a[] | key as $k | $k
   => []
{"a":1,"a":2,"d":[10,20]}
  jq  .a.zz | key
   => []
  yq  .a.zz | key
   => []
{"a":1,"a":2,"d":[10,20]}
  jq  .a.zz | path
   => []
  yq  .a.zz | path
   => []
{"a":1,"a":2,"d":[10,20]}
  jq  .a.zz | parent
   => []
  yq  .a.zz | parent
   => []
{"a":1,"a":2,"d":[10,20]}
  jq  .a.zz.yy | key
   => []
  yq  .a.zz.yy | key
   => []
{"a":1,"a":2,"d":[10,20]}
  jq  .a.zz.yy | path
   => []
  yq  .a.zz.yy | path
   => []
{"a":1,"a":2,"d":[10,20]}
  jq  .a.zz | select(key == "zz")
   => []
  yq  .a.zz | select(key == "zz")
   => []
{"a":1,"a":2,"d":[10,20]}
  jq  .a.zz | select(true) | key
   => []
  yq  .a.zz | select(true) | key
   => []
{"a":1,"a":2,"d":[10,20]}
  jq  .a.zz | [key, path]
   => []
  yq  .a.zz | [key, path]
   => []
{"a":1,"a":2,"d":[10,20]}
  jq  .a.zz | (key, path)
   => []
  yq  .a.zz | (key, path)
   => []
{"a":1,"a":2,"d":[10,20]}
  jq  .a.zz | key | tostring
   => []
  yq  .a.zz | key | tostring
   => []
{"a":1,"a":2,"d":[10,20]}
  jq  .a.zz | file_index
   => []
  yq  .a.zz | file_index
   => []
{"a":1,"a":2,"d":[10,20]}
  jq  .a.zz | if key == "zz" then 1 else 2 end
   => []
  yq  .a.zz | if key == "zz" then 1 else 2 end
   => []
{"a":1,"a":2,"d":[10,20]}
  jq  .d[9] | key
   => [9]
  yq  .d[9] | key
   => [9]
{"a":1,"a":2,"d":[10,20]}
  jq  .d[9] | path
   => [["d",9]]
  yq  .d[9] | path
   => [["d",9]]
{"a":1,"a":2,"d":[10,20]}
  jq  .d[9] | select(key == 9)
   => [null]
  yq  .d[9] | select(key == 9)
   => [null]
{"a":1,"a":2,"d":[10,20]}
  jq  .zz.yy | path
   => [["zz","yy"]]
  yq  .zz.yy | path
   => [["zz","yy"]]
{"a":1,"a":2,"d":[10,20]}
  jq  .a.zz | limit(1; key)
   => []
  yq  .a.zz | limit(1; key)
   => []
{"a":1,"a":2,"d":[10,20]}
  jq  .a.zz | first(key)
   => []
  yq  .a.zz | first(key)
   => []
{"a":1,"a":2,"d":[10,20]}
  jq  .a.zz | try (key) catch "e"
   => []
  yq  .a.zz | try (key) catch "e"
   => []
{"a":1,"a":2,"d":[10,20]}
  jq  .a.zz.yy | [path, parent]
   => []
  yq  .a.zz.yy | [path, parent]
   => []
{"a":1,"a":2,"d":[10,20]}
  jq  .a? | key
   => ["a"]
  yq  .a? | key
   => ["a"]
{"a":1,"a":2,"d":[10,20]}
  jq  .a? | path
   => [["a"]]
  yq  .a? | path
   => [["a"]]
{"a":1,"a":2,"d":[10,20]}
  jq  .a? | parent
   => [{"a":2,"d":[10,20]}]
  yq  .a? | parent
   => [{"a":2,"d":[10,20]}]
{"a":1,"a":2,"d":[10,20]}
  jq  .a?.b | key
   => []
  yq  .a?.b | key
   => []
{"a":1,"a":2,"d":[10,20]}
  jq  (.a?) | key
   => ["a"]
  yq  (.a?) | key
   => ["a"]
{"a":1,"a":2,"d":[10,20]}
  jq  .a? | [key, path]
   => [["a",["a"]]]
  yq  .a? | [key, path]
   => [["a",["a"]]]
{"a":1,"a":2,"d":[10,20]}
  jq  .a? | (key, path)
   => ["a", ["a"]]
  yq  .a? | (key, path)
   => ["a", ["a"]]
{"a":1,"a":2,"d":[10,20]}
  jq  .a?[] | key
   => []
  yq  .a?[] | key
   => []
{"a":1,"a":2,"d":[10,20]}
  jq  .a[]? | key
   => []
  yq  .a[]? | key
   => []
{"a":1,"a":2,"d":[10,20]}
  jq  [.a?[] | key]
   => []
  yq  [.a?[] | key]
   => [[]]
{"a":1,"a":2,"d":[10,20]}
  jq  .a? | select(key == "a")
   => [2]
  yq  .a? | select(key == "a")
   => [2]
{"a":1,"a":2,"d":[10,20]}
  jq  .a? | select(true) | key
   => ["a"]
  yq  .a? | select(true) | key
   => ["a"]
{"a":1,"a":2,"d":[10,20]}
  jq  .a.zz? | key
   => []
  yq  .a.zz? | key
   => []
{"a":1,"a":2,"d":[10,20]}
  jq  .a.zz? | path
   => []
  yq  .a.zz? | path
   => []
{"a":1,"a":2,"d":[10,20]}
  jq  .a.zz? | [path, parent]
   => []
  yq  .a.zz? | [path, parent]
   => []
{"a":1,"a":2,"d":[10,20]}
  jq  .d[9]? | key
   => [9]
  yq  .d[9]? | key
   => [9]
{"a":1,"a":2,"d":[10,20]}
  jq  .[0]? | key
   => []
  yq  .[0]? | key
   => [0]
{"a":1,"a":2,"d":[10,20]}
  jq  .a? | key | tostring
   => ["a"]
  yq  .a? | key | tostring
   => ["a"]
{"a":1,"a":2,"d":[10,20]}
  jq  .a? | first(key)
   => ["a"]
  yq  .a? | first(key)
   => ["a"]
{"a":1,"a":2,"d":[10,20]}
  jq  .a? | try (key) catch "e"
   => ["a"]
  yq  .a? | try (key) catch "e"
   => ["a"]
{"a":1,"a":2,"d":[10,20]}
  jq  .d[(0+0)] | key
   => [0]
  yq  .d[(0+0)] | key
   => [0]
{"a":1,"a":2,"d":[10,20]}
  jq  .d[(0+0)] | path
   => [["d",0]]
  yq  .d[(0+0)] | path
   => [["d",0]]
{"a":1,"a":2,"d":[10,20]}
  jq  .d[(0+0)] | parent
   => [[10,20]]
  yq  .d[(0+0)] | parent
   => [[10,20]]
{"a":1,"a":2,"d":[10,20]}
  jq  .d[(0+0)] | file_index
   => [0]
  yq  .d[(0+0)] | file_index
   => [0]
{"a":1,"a":2,"d":[10,20]}
  jq  .d[(0+1)]? | key
   => [1]
  yq  .d[(0+1)]? | key
   => [1]
{"a":1,"a":2,"d":[10,20]}
  jq  .d[(9+0)] | key
   => [9]
  yq  .d[(9+0)] | key
   => [9]
{"a":1,"a":2,"d":[10,20]}
  jq  .d[(9+0)] | path
   => [["d",9]]
  yq  .d[(9+0)] | path
   => [["d",9]]
{"a":1,"a":2,"d":[10,20]}
  jq  .d[(0+0)] | parent | key
   => ["d"]
  yq  .d[(0+0)] | parent | key
   => ["d"]
{"a":1,"a":2,"d":[10,20]}
  jq  .d[(0+0)][(0+0)] | key
   => []
  yq  .d[(0+0)][(0+0)] | key
   => []
{"a":1,"a":2,"d":[10,20]}
  jq  .d[(0+0)] | [key, path]
   => [[0,["d",0]]]
  yq  .d[(0+0)] | [key, path]
   => [[0,["d",0]]]
{"a":1,"a":2,"d":[10,20]}
  jq  .d[(0+0)] | (key, path)
   => [0, ["d",0]]
  yq  .d[(0+0)] | (key, path)
   => [0, ["d",0]]
{"a":1,"a":2,"d":[10,20]}
  jq  .a[("b"+"")] | key
   => []
  yq  .a[("b"+"")] | key
   => []
{"a":1,"a":2,"d":[10,20]}
  jq  .a[("b"+"")] | path
   => []
  yq  .a[("b"+"")] | path
   => []
{"a":1,"a":2,"d":[10,20]}
  jq  .a[("b"+"")] | parent
   => []
  yq  .a[("b"+"")] | parent
   => []
{"a":1,"a":2,"d":[10,20]}
  jq  .a[("b"+"")]? | key
   => []
  yq  .a[("b"+"")]? | key
   => []
{"a":1,"a":2,"d":[10,20]}
  jq  .a[("z"+"z")] | key
   => []
  yq  .a[("z"+"z")] | key
   => []
{"a":1,"a":2,"d":[10,20]}
  jq  .a[("z"+"z")] | path
   => []
  yq  .a[("z"+"z")] | path
   => []
{"a":1,"a":2,"d":[10,20]}
  jq  .a[("z"+"z")] | [key, path]
   => []
  yq  .a[("z"+"z")] | [key, path]
   => []
{"a":1,"a":2,"d":[10,20]}
  jq  .a[("b"+"")] | key | tostring
   => []
  yq  .a[("b"+"")] | key | tostring
   => []
{"a":1,"a":2,"d":[10,20]}
  jq  .a[("b"+"")] | select(true) | key
   => []
  yq  .a[("b"+"")] | select(true) | key
   => []
{"a":1,"a":2,"d":[10,20]}
  jq  .a[("b"+"")] | first(key)
   => []
  yq  .a[("b"+"")] | first(key)
   => []
{"a":1,"a":2,"d":[10,20]}
  jq  .a[("b"+"")] | try (key) catch "e"
   => []
  yq  .a[("b"+"")] | try (key) catch "e"
   => []
{"a":1,"a":2,"d":[10,20]}
  jq  .zz[(0+0)] | key
   => [0]
  yq  .zz[(0+0)] | key
   => [0]
{"a":1,"a":2,"d":[10,20]}
  jq  .zz[(0+0)] | path
   => [["zz",0]]
  yq  .zz[(0+0)] | path
   => [["zz",0]]
{"a":1,"a":2,"d":[10,20]}
  jq  .a[(0+0)] | key
   => []
  yq  .a[(0+0)] | key
   => []
{"a":1,"a":2,"d":[10,20]}
  jq  .d[(0,1)] | key
   => [0, 1]
  yq  .d[(0,1)] | key
   => [0, 1]
{"a":1,"a":2,"d":[10,20]}
  jq  .d[(0,1)] | path
   => [["d",0], ["d",1]]
  yq  .d[(0,1)] | path
   => [["d",0], ["d",1]]
{"a":1,"a":2,"d":[10,20]}
  jq  getpath(["a"]) | key
   => ["a"]
  yq  getpath(["a"]) | key
   => ["a"]
{"a":1,"a":2,"d":[10,20]}
  jq  .d[(0+0):(0+1)] | key
   => [{"start":0,"end":1}]
  yq  .d[(0+0):(0+1)] | key
   => ["d"]
{"a":{"b":1,"b":2},"d":[10,20]}
  jq  key
   => []
  yq  key
   => []
{"a":{"b":1,"b":2},"d":[10,20]}
  jq  parent
   => []
  yq  parent
   => []
{"a":{"b":1,"b":2},"d":[10,20]}
  jq  path
   => [[]]
  yq  path
   => [[]]
{"a":{"b":1,"b":2},"d":[10,20]}
  jq  .a | key
   => ["a"]
  yq  .a | key
   => ["a"]
{"a":{"b":1,"b":2},"d":[10,20]}
  jq  .a | path
   => [["a"]]
  yq  .a | path
   => [["a"]]
{"a":{"b":1,"b":2},"d":[10,20]}
  jq  .a | parent
   => [{"a":{"b":2},"d":[10,20]}]
  yq  .a | parent
   => [{"a":{"b":2},"d":[10,20]}]
{"a":{"b":1,"b":2},"d":[10,20]}
  jq  .a[] | key
   => ["b"]
  yq  .a[] | key
   => ["b"]
{"a":{"b":1,"b":2},"d":[10,20]}
  jq  .a[] | path
   => [["a","b"]]
  yq  .a[] | path
   => [["a","b"]]
{"a":{"b":1,"b":2},"d":[10,20]}
  jq  .a[] | parent
   => [{"b":2}]
  yq  .a[] | parent
   => [{"b":2}]
{"a":{"b":1,"b":2},"d":[10,20]}
  jq  .d[] | key
   => [0, 1]
  yq  .d[] | key
   => [0, 1]
{"a":{"b":1,"b":2},"d":[10,20]}
  jq  .d[] | path
   => [["d",0], ["d",1]]
  yq  .d[] | path
   => [["d",0], ["d",1]]
{"a":{"b":1,"b":2},"d":[10,20]}
  jq  .[] | key
   => ["a", "d"]
  yq  .[] | key
   => ["a", "d"]
{"a":{"b":1,"b":2},"d":[10,20]}
  jq  [.[] | key]
   => [["a","d"]]
  yq  [.[] | key]
   => [["a","d"]]
{"a":{"b":1,"b":2},"d":[10,20]}
  jq  [.a[] | key]
   => [["b"]]
  yq  [.a[] | key]
   => [["b"]]
{"a":{"b":1,"b":2},"d":[10,20]}
  jq  [.a[] | path]
   => [[["a","b"]]]
  yq  [.a[] | path]
   => [[["a","b"]]]
{"a":{"b":1,"b":2},"d":[10,20]}
  jq  .a.b | path
   => [["a","b"]]
  yq  .a.b | path
   => [["a","b"]]
{"a":{"b":1,"b":2},"d":[10,20]}
  jq  .a.b | parent | key
   => ["a"]
  yq  .a.b | parent | key
   => ["a"]
{"a":{"b":1,"b":2},"d":[10,20]}
  jq  .a[] | parent(1) | key
   => ["a"]
  yq  .a[] | parent(1) | key
   => ["a"]
{"a":{"b":1,"b":2},"d":[10,20]}
  jq  .a[] | parent(0) | key
   => ["b"]
  yq  .a[] | parent(0) | key
   => ["b"]
{"a":{"b":1,"b":2},"d":[10,20]}
  jq  [.a[] | (key, path)]
   => [["b",["a","b"]]]
  yq  [.a[] | (key, path)]
   => [["b",["a","b"]]]
{"a":{"b":1,"b":2},"d":[10,20]}
  jq  .a | key | tostring
   => ["a"]
  yq  .a | key | tostring
   => ["a"]
{"a":{"b":1,"b":2},"d":[10,20]}
  jq  [.a[] | key] | length
   => [1]
  yq  [.a[] | key] | length
   => [1]
{"a":{"b":1,"b":2},"d":[10,20]}
  jq  [.d[] | path] | flatten
   => [["d",0,"d",1]]
  yq  [.d[] | path] | flatten
   => [["d",0,"d",1]]
{"a":{"b":1,"b":2},"d":[10,20]}
  jq  .a[] | select(true) | key
   => ["b"]
  yq  .a[] | select(true) | key
   => ["b"]
{"a":{"b":1,"b":2},"d":[10,20]}
  jq  {"k": key}
   => []
  yq  {"k": key}
   => []
{"a":{"b":1,"b":2},"d":[10,20]}
  jq  [.a[] | {"k": key}]
   => [[{"k":"b"}]]
  yq  [.a[] | {"k": key}]
   => [[{"k":"b"}]]
{"a":{"b":1,"b":2},"d":[10,20]}
  jq  first(.a[] | key)
   => ["b"]
  yq  first(.a[] | key)
   => ["b"]
{"a":{"b":1,"b":2},"d":[10,20]}
  jq  [limit(1; .a[] | key)]
   => [["b"]]
  yq  [limit(1; .a[] | key)]
   => [["b"]]
{"a":{"b":1,"b":2},"d":[10,20]}
  jq  [foreach (.a[] | key) as $k ([]; . + [$k])] | last
   => [["b"]]
  yq  [foreach (.a[] | key) as $k ([]; . + [$k])] | last
   => [["b"]]
{"a":{"b":1,"b":2},"d":[10,20]}
  jq  [reduce (.a[] | key) as $k ([]; . + [$k])]
   => [[["b"]]]
  yq  [reduce (.a[] | key) as $k ([]; . + [$k])]
   => [[["b"]]]
{"a":{"b":1,"b":2},"d":[10,20]}
  jq  try (.a[] | key) catch "e"
   => ["b"]
  yq  try (.a[] | key) catch "e"
   => ["b"]
{"a":{"b":1,"b":2},"d":[10,20]}
  jq  (.a[] | key)?
   => ["b"]
  yq  (.a[] | key)?
   => ["b"]
{"a":{"b":1,"b":2},"d":[10,20]}
  jq  label $o | (.a[] | key, break $o)
   => ["b"]
  yq  label $o | (.a[] | key, break $o)
   => []
{"a":{"b":1,"b":2},"d":[10,20]}
  jq  .a[] | key as $k | $k
   => ["b"]
  yq  .a[] | key as $k | $k
   => ["b"]
{"a":{"b":1,"b":2},"d":[10,20]}
  jq  .a.zz | key
   => ["zz"]
  yq  .a.zz | key
   => ["zz"]
{"a":{"b":1,"b":2},"d":[10,20]}
  jq  .a.zz | path
   => [["a","zz"]]
  yq  .a.zz | path
   => [["a","zz"]]
{"a":{"b":1,"b":2},"d":[10,20]}
  jq  .a.zz | parent
   => [{"b":2}]
  yq  .a.zz | parent
   => [{"b":2}]
{"a":{"b":1,"b":2},"d":[10,20]}
  jq  .a.zz.yy | key
   => ["yy"]
  yq  .a.zz.yy | key
   => ["yy"]
{"a":{"b":1,"b":2},"d":[10,20]}
  jq  .a.zz.yy | path
   => [["a","zz","yy"]]
  yq  .a.zz.yy | path
   => [["a","zz","yy"]]
{"a":{"b":1,"b":2},"d":[10,20]}
  jq  .a.zz | select(key == "zz")
   => [null]
  yq  .a.zz | select(key == "zz")
   => [null]
{"a":{"b":1,"b":2},"d":[10,20]}
  jq  .a.zz | select(true) | key
   => ["zz"]
  yq  .a.zz | select(true) | key
   => ["zz"]
{"a":{"b":1,"b":2},"d":[10,20]}
  jq  .a.zz | [key, path]
   => [["zz",["a","zz"]]]
  yq  .a.zz | [key, path]
   => [["zz",["a","zz"]]]
{"a":{"b":1,"b":2},"d":[10,20]}
  jq  .a.zz | (key, path)
   => ["zz", ["a","zz"]]
  yq  .a.zz | (key, path)
   => ["zz", ["a","zz"]]
{"a":{"b":1,"b":2},"d":[10,20]}
  jq  .a.zz | key | tostring
   => ["zz"]
  yq  .a.zz | key | tostring
   => ["zz"]
{"a":{"b":1,"b":2},"d":[10,20]}
  jq  .a.zz | file_index
   => [0]
  yq  .a.zz | file_index
   => [0]
{"a":{"b":1,"b":2},"d":[10,20]}
  jq  .a.zz | if key == "zz" then 1 else 2 end
   => [1]
  yq  .a.zz | if key == "zz" then 1 else 2 end
   => [1]
{"a":{"b":1,"b":2},"d":[10,20]}
  jq  .d[9] | key
   => [9]
  yq  .d[9] | key
   => [9]
{"a":{"b":1,"b":2},"d":[10,20]}
  jq  .d[9] | path
   => [["d",9]]
  yq  .d[9] | path
   => [["d",9]]
{"a":{"b":1,"b":2},"d":[10,20]}
  jq  .d[9] | select(key == 9)
   => [null]
  yq  .d[9] | select(key == 9)
   => [null]
{"a":{"b":1,"b":2},"d":[10,20]}
  jq  .zz.yy | path
   => [["zz","yy"]]
  yq  .zz.yy | path
   => [["zz","yy"]]
{"a":{"b":1,"b":2},"d":[10,20]}
  jq  .a.zz | limit(1; key)
   => ["zz"]
  yq  .a.zz | limit(1; key)
   => ["zz"]
{"a":{"b":1,"b":2},"d":[10,20]}
  jq  .a.zz | first(key)
   => ["zz"]
  yq  .a.zz | first(key)
   => ["zz"]
{"a":{"b":1,"b":2},"d":[10,20]}
  jq  .a.zz | try (key) catch "e"
   => ["zz"]
  yq  .a.zz | try (key) catch "e"
   => ["zz"]
{"a":{"b":1,"b":2},"d":[10,20]}
  jq  .a.zz.yy | [path, parent]
   => [[["a","zz","yy"],null]]
  yq  .a.zz.yy | [path, parent]
   => [[["a","zz","yy"],null]]
{"a":{"b":1,"b":2},"d":[10,20]}
  jq  .a? | key
   => ["a"]
  yq  .a? | key
   => ["a"]
{"a":{"b":1,"b":2},"d":[10,20]}
  jq  .a? | path
   => [["a"]]
  yq  .a? | path
   => [["a"]]
{"a":{"b":1,"b":2},"d":[10,20]}
  jq  .a? | parent
   => [{"a":{"b":2},"d":[10,20]}]
  yq  .a? | parent
   => [{"a":{"b":2},"d":[10,20]}]
{"a":{"b":1,"b":2},"d":[10,20]}
  jq  .a?.b | key
   => ["b"]
  yq  .a?.b | key
   => ["b"]
{"a":{"b":1,"b":2},"d":[10,20]}
  jq  (.a?) | key
   => ["a"]
  yq  (.a?) | key
   => ["a"]
{"a":{"b":1,"b":2},"d":[10,20]}
  jq  .a? | [key, path]
   => [["a",["a"]]]
  yq  .a? | [key, path]
   => [["a",["a"]]]
{"a":{"b":1,"b":2},"d":[10,20]}
  jq  .a? | (key, path)
   => ["a", ["a"]]
  yq  .a? | (key, path)
   => ["a", ["a"]]
{"a":{"b":1,"b":2},"d":[10,20]}
  jq  .a?[] | key
   => ["b"]
  yq  .a?[] | key
   => ["b"]
{"a":{"b":1,"b":2},"d":[10,20]}
  jq  .a[]? | key
   => ["b"]
  yq  .a[]? | key
   => ["b"]
{"a":{"b":1,"b":2},"d":[10,20]}
  jq  [.a?[] | key]
   => [["b"]]
  yq  [.a?[] | key]
   => [["b"]]
{"a":{"b":1,"b":2},"d":[10,20]}
  jq  .a? | select(key == "a")
   => [{"b":2}]
  yq  .a? | select(key == "a")
   => [{"b":2}]
{"a":{"b":1,"b":2},"d":[10,20]}
  jq  .a? | select(true) | key
   => ["a"]
  yq  .a? | select(true) | key
   => ["a"]
{"a":{"b":1,"b":2},"d":[10,20]}
  jq  .a.zz? | key
   => ["zz"]
  yq  .a.zz? | key
   => ["zz"]
{"a":{"b":1,"b":2},"d":[10,20]}
  jq  .a.zz? | path
   => [["a","zz"]]
  yq  .a.zz? | path
   => [["a","zz"]]
{"a":{"b":1,"b":2},"d":[10,20]}
  jq  .a.zz? | [path, parent]
   => [[["a","zz"],{"b":2}]]
  yq  .a.zz? | [path, parent]
   => [[["a","zz"],{"b":2}]]
{"a":{"b":1,"b":2},"d":[10,20]}
  jq  .d[9]? | key
   => [9]
  yq  .d[9]? | key
   => [9]
{"a":{"b":1,"b":2},"d":[10,20]}
  jq  .[0]? | key
   => []
  yq  .[0]? | key
   => [0]
{"a":{"b":1,"b":2},"d":[10,20]}
  jq  .a? | key | tostring
   => ["a"]
  yq  .a? | key | tostring
   => ["a"]
{"a":{"b":1,"b":2},"d":[10,20]}
  jq  .a? | first(key)
   => ["a"]
  yq  .a? | first(key)
   => ["a"]
{"a":{"b":1,"b":2},"d":[10,20]}
  jq  .a? | try (key) catch "e"
   => ["a"]
  yq  .a? | try (key) catch "e"
   => ["a"]
{"a":{"b":1,"b":2},"d":[10,20]}
  jq  .d[(0+0)] | key
   => [0]
  yq  .d[(0+0)] | key
   => [0]
{"a":{"b":1,"b":2},"d":[10,20]}
  jq  .d[(0+0)] | path
   => [["d",0]]
  yq  .d[(0+0)] | path
   => [["d",0]]
{"a":{"b":1,"b":2},"d":[10,20]}
  jq  .d[(0+0)] | parent
   => [[10,20]]
  yq  .d[(0+0)] | parent
   => [[10,20]]
{"a":{"b":1,"b":2},"d":[10,20]}
  jq  .d[(0+0)] | file_index
   => [0]
  yq  .d[(0+0)] | file_index
   => [0]
{"a":{"b":1,"b":2},"d":[10,20]}
  jq  .d[(0+1)]? | key
   => [1]
  yq  .d[(0+1)]? | key
   => [1]
{"a":{"b":1,"b":2},"d":[10,20]}
  jq  .d[(9+0)] | key
   => [9]
  yq  .d[(9+0)] | key
   => [9]
{"a":{"b":1,"b":2},"d":[10,20]}
  jq  .d[(9+0)] | path
   => [["d",9]]
  yq  .d[(9+0)] | path
   => [["d",9]]
{"a":{"b":1,"b":2},"d":[10,20]}
  jq  .d[(0+0)] | parent | key
   => ["d"]
  yq  .d[(0+0)] | parent | key
   => ["d"]
{"a":{"b":1,"b":2},"d":[10,20]}
  jq  .d[(0+0)][(0+0)] | key
   => []
  yq  .d[(0+0)][(0+0)] | key
   => []
{"a":{"b":1,"b":2},"d":[10,20]}
  jq  .d[(0+0)] | [key, path]
   => [[0,["d",0]]]
  yq  .d[(0+0)] | [key, path]
   => [[0,["d",0]]]
{"a":{"b":1,"b":2},"d":[10,20]}
  jq  .d[(0+0)] | (key, path)
   => [0, ["d",0]]
  yq  .d[(0+0)] | (key, path)
   => [0, ["d",0]]
{"a":{"b":1,"b":2},"d":[10,20]}
  jq  .a[("b"+"")] | key
   => ["b"]
  yq  .a[("b"+"")] | key
   => ["b"]
{"a":{"b":1,"b":2},"d":[10,20]}
  jq  .a[("b"+"")] | path
   => [["a","b"]]
  yq  .a[("b"+"")] | path
   => [["a","b"]]
{"a":{"b":1,"b":2},"d":[10,20]}
  jq  .a[("b"+"")] | parent
   => [{"b":2}]
  yq  .a[("b"+"")] | parent
   => [{"b":2}]
{"a":{"b":1,"b":2},"d":[10,20]}
  jq  .a[("b"+"")]? | key
   => ["b"]
  yq  .a[("b"+"")]? | key
   => ["b"]
{"a":{"b":1,"b":2},"d":[10,20]}
  jq  .a[("z"+"z")] | key
   => ["zz"]
  yq  .a[("z"+"z")] | key
   => ["zz"]
{"a":{"b":1,"b":2},"d":[10,20]}
  jq  .a[("z"+"z")] | path
   => [["a","zz"]]
  yq  .a[("z"+"z")] | path
   => [["a","zz"]]
{"a":{"b":1,"b":2},"d":[10,20]}
  jq  .a[("z"+"z")] | [key, path]
   => [["zz",["a","zz"]]]
  yq  .a[("z"+"z")] | [key, path]
   => [["zz",["a","zz"]]]
{"a":{"b":1,"b":2},"d":[10,20]}
  jq  .a[("b"+"")] | key | tostring
   => ["b"]
  yq  .a[("b"+"")] | key | tostring
   => ["b"]
{"a":{"b":1,"b":2},"d":[10,20]}
  jq  .a[("b"+"")] | select(true) | key
   => ["b"]
  yq  .a[("b"+"")] | select(true) | key
   => ["b"]
{"a":{"b":1,"b":2},"d":[10,20]}
  jq  .a[("b"+"")] | first(key)
   => ["b"]
  yq  .a[("b"+"")] | first(key)
   => ["b"]
{"a":{"b":1,"b":2},"d":[10,20]}
  jq  .a[("b"+"")] | try (key) catch "e"
   => ["b"]
  yq  .a[("b"+"")] | try (key) catch "e"
   => ["b"]
{"a":{"b":1,"b":2},"d":[10,20]}
  jq  .zz[(0+0)] | key
   => [0]
  yq  .zz[(0+0)] | key
   => [0]
{"a":{"b":1,"b":2},"d":[10,20]}
  jq  .zz[(0+0)] | path
   => [["zz",0]]
  yq  .zz[(0+0)] | path
   => [["zz",0]]
{"a":{"b":1,"b":2},"d":[10,20]}
  jq  .a[(0+0)] | key
   => []
  yq  .a[(0+0)] | key
   => [0]
{"a":{"b":1,"b":2},"d":[10,20]}
  jq  .d[(0,1)] | key
   => [0, 1]
  yq  .d[(0,1)] | key
   => [0, 1]
{"a":{"b":1,"b":2},"d":[10,20]}
  jq  .d[(0,1)] | path
   => [["d",0], ["d",1]]
  yq  .d[(0,1)] | path
   => [["d",0], ["d",1]]
{"a":{"b":1,"b":2},"d":[10,20]}
  jq  getpath(["a"]) | key
   => ["a"]
  yq  getpath(["a"]) | key
   => ["a"]
{"a":{"b":1,"b":2},"d":[10,20]}
  jq  .d[(0+0):(0+1)] | key
   => [{"start":0,"end":1}]
  yq  .d[(0+0):(0+1)] | key
   => ["d"]
[{"k":1},{"k":2}]
  jq  key
   => []
  yq  key
   => []
[{"k":1},{"k":2}]
  jq  parent
   => []
  yq  parent
   => []
[{"k":1},{"k":2}]
  jq  path
   => [[]]
  yq  path
   => [[]]
[{"k":1},{"k":2}]
  jq  .a | key
   => []
  yq  .a | key
   => []
[{"k":1},{"k":2}]
  jq  .a | path
   => []
  yq  .a | path
   => []
[{"k":1},{"k":2}]
  jq  .a | parent
   => []
  yq  .a | parent
   => []
[{"k":1},{"k":2}]
  jq  .a[] | key
   => []
  yq  .a[] | key
   => []
[{"k":1},{"k":2}]
  jq  .a[] | path
   => []
  yq  .a[] | path
   => []
[{"k":1},{"k":2}]
  jq  .a[] | parent
   => []
  yq  .a[] | parent
   => []
[{"k":1},{"k":2}]
  jq  .d[] | key
   => []
  yq  .d[] | key
   => []
[{"k":1},{"k":2}]
  jq  .d[] | path
   => []
  yq  .d[] | path
   => []
[{"k":1},{"k":2}]
  jq  .[] | key
   => [0, 1]
  yq  .[] | key
   => [0, 1]
[{"k":1},{"k":2}]
  jq  [.[] | key]
   => [[0,1]]
  yq  [.[] | key]
   => [[0,1]]
[{"k":1},{"k":2}]
  jq  [.a[] | key]
   => []
  yq  [.a[] | key]
   => []
[{"k":1},{"k":2}]
  jq  [.a[] | path]
   => []
  yq  [.a[] | path]
   => []
[{"k":1},{"k":2}]
  jq  .a.b | path
   => []
  yq  .a.b | path
   => []
[{"k":1},{"k":2}]
  jq  .a.b | parent | key
   => []
  yq  .a.b | parent | key
   => []
[{"k":1},{"k":2}]
  jq  .a[] | parent(1) | key
   => []
  yq  .a[] | parent(1) | key
   => []
[{"k":1},{"k":2}]
  jq  .a[] | parent(0) | key
   => []
  yq  .a[] | parent(0) | key
   => []
[{"k":1},{"k":2}]
  jq  [.a[] | (key, path)]
   => []
  yq  [.a[] | (key, path)]
   => []
[{"k":1},{"k":2}]
  jq  .a | key | tostring
   => []
  yq  .a | key | tostring
   => []
[{"k":1},{"k":2}]
  jq  [.a[] | key] | length
   => []
  yq  [.a[] | key] | length
   => []
[{"k":1},{"k":2}]
  jq  [.d[] | path] | flatten
   => []
  yq  [.d[] | path] | flatten
   => []
[{"k":1},{"k":2}]
  jq  .a[] | select(true) | key
   => []
  yq  .a[] | select(true) | key
   => []
[{"k":1},{"k":2}]
  jq  {"k": key}
   => []
  yq  {"k": key}
   => []
[{"k":1},{"k":2}]
  jq  [.a[] | {"k": key}]
   => []
  yq  [.a[] | {"k": key}]
   => []
[{"k":1},{"k":2}]
  jq  first(.a[] | key)
   => []
  yq  first(.a[] | key)
   => []
[{"k":1},{"k":2}]
  jq  [limit(1; .a[] | key)]
   => []
  yq  [limit(1; .a[] | key)]
   => []
[{"k":1},{"k":2}]
  jq  [foreach (.a[] | key) as $k ([]; . + [$k])] | last
   => []
  yq  [foreach (.a[] | key) as $k ([]; . + [$k])] | last
   => []
[{"k":1},{"k":2}]
  jq  [reduce (.a[] | key) as $k ([]; . + [$k])]
   => []
  yq  [reduce (.a[] | key) as $k ([]; . + [$k])]
   => []
[{"k":1},{"k":2}]
  jq  try (.a[] | key) catch "e"
   => ["e"]
  yq  try (.a[] | key) catch "e"
   => ["e"]
[{"k":1},{"k":2}]
  jq  (.a[] | key)?
   => []
  yq  (.a[] | key)?
   => []
[{"k":1},{"k":2}]
  jq  label $o | (.a[] | key, break $o)
   => []
  yq  label $o | (.a[] | key, break $o)
   => []
[{"k":1},{"k":2}]
  jq  .a[] | key as $k | $k
   => []
  yq  .a[] | key as $k | $k
   => []
[{"k":1},{"k":2}]
  jq  .a.zz | key
   => []
  yq  .a.zz | key
   => []
[{"k":1},{"k":2}]
  jq  .a.zz | path
   => []
  yq  .a.zz | path
   => []
[{"k":1},{"k":2}]
  jq  .a.zz | parent
   => []
  yq  .a.zz | parent
   => []
[{"k":1},{"k":2}]
  jq  .a.zz.yy | key
   => []
  yq  .a.zz.yy | key
   => []
[{"k":1},{"k":2}]
  jq  .a.zz.yy | path
   => []
  yq  .a.zz.yy | path
   => []
[{"k":1},{"k":2}]
  jq  .a.zz | select(key == "zz")
   => []
  yq  .a.zz | select(key == "zz")
   => []
[{"k":1},{"k":2}]
  jq  .a.zz | select(true) | key
   => []
  yq  .a.zz | select(true) | key
   => []
[{"k":1},{"k":2}]
  jq  .a.zz | [key, path]
   => []
  yq  .a.zz | [key, path]
   => []
[{"k":1},{"k":2}]
  jq  .a.zz | (key, path)
   => []
  yq  .a.zz | (key, path)
   => []
[{"k":1},{"k":2}]
  jq  .a.zz | key | tostring
   => []
  yq  .a.zz | key | tostring
   => []
[{"k":1},{"k":2}]
  jq  .a.zz | file_index
   => []
  yq  .a.zz | file_index
   => []
[{"k":1},{"k":2}]
  jq  .a.zz | if key == "zz" then 1 else 2 end
   => []
  yq  .a.zz | if key == "zz" then 1 else 2 end
   => []
[{"k":1},{"k":2}]
  jq  .d[9] | key
   => []
  yq  .d[9] | key
   => []
[{"k":1},{"k":2}]
  jq  .d[9] | path
   => []
  yq  .d[9] | path
   => []
[{"k":1},{"k":2}]
  jq  .d[9] | select(key == 9)
   => []
  yq  .d[9] | select(key == 9)
   => []
[{"k":1},{"k":2}]
  jq  .zz.yy | path
   => []
  yq  .zz.yy | path
   => []
[{"k":1},{"k":2}]
  jq  .a.zz | limit(1; key)
   => []
  yq  .a.zz | limit(1; key)
   => []
[{"k":1},{"k":2}]
  jq  .a.zz | first(key)
   => []
  yq  .a.zz | first(key)
   => []
[{"k":1},{"k":2}]
  jq  .a.zz | try (key) catch "e"
   => []
  yq  .a.zz | try (key) catch "e"
   => []
[{"k":1},{"k":2}]
  jq  .a.zz.yy | [path, parent]
   => []
  yq  .a.zz.yy | [path, parent]
   => []
[{"k":1},{"k":2}]
  jq  .a? | key
   => []
  yq  .a? | key
   => []
[{"k":1},{"k":2}]
  jq  .a? | path
   => []
  yq  .a? | path
   => []
[{"k":1},{"k":2}]
  jq  .a? | parent
   => []
  yq  .a? | parent
   => []
[{"k":1},{"k":2}]
  jq  .a?.b | key
   => []
  yq  .a?.b | key
   => []
[{"k":1},{"k":2}]
  jq  (.a?) | key
   => []
  yq  (.a?) | key
   => []
[{"k":1},{"k":2}]
  jq  .a? | [key, path]
   => []
  yq  .a? | [key, path]
   => []
[{"k":1},{"k":2}]
  jq  .a? | (key, path)
   => []
  yq  .a? | (key, path)
   => []
[{"k":1},{"k":2}]
  jq  .a?[] | key
   => []
  yq  .a?[] | key
   => []
[{"k":1},{"k":2}]
  jq  .a[]? | key
   => []
  yq  .a[]? | key
   => []
[{"k":1},{"k":2}]
  jq  [.a?[] | key]
   => [[]]
  yq  [.a?[] | key]
   => [[]]
[{"k":1},{"k":2}]
  jq  .a? | select(key == "a")
   => []
  yq  .a? | select(key == "a")
   => []
[{"k":1},{"k":2}]
  jq  .a? | select(true) | key
   => []
  yq  .a? | select(true) | key
   => []
[{"k":1},{"k":2}]
  jq  .a.zz? | key
   => []
  yq  .a.zz? | key
   => []
[{"k":1},{"k":2}]
  jq  .a.zz? | path
   => []
  yq  .a.zz? | path
   => []
[{"k":1},{"k":2}]
  jq  .a.zz? | [path, parent]
   => []
  yq  .a.zz? | [path, parent]
   => []
[{"k":1},{"k":2}]
  jq  .d[9]? | key
   => []
  yq  .d[9]? | key
   => []
[{"k":1},{"k":2}]
  jq  .[0]? | key
   => [0]
  yq  .[0]? | key
   => [0]
[{"k":1},{"k":2}]
  jq  .a? | key | tostring
   => []
  yq  .a? | key | tostring
   => []
[{"k":1},{"k":2}]
  jq  .a? | first(key)
   => []
  yq  .a? | first(key)
   => []
[{"k":1},{"k":2}]
  jq  .a? | try (key) catch "e"
   => []
  yq  .a? | try (key) catch "e"
   => []
[{"k":1},{"k":2}]
  jq  .d[(0+0)] | key
   => []
  yq  .d[(0+0)] | key
   => []
[{"k":1},{"k":2}]
  jq  .d[(0+0)] | path
   => []
  yq  .d[(0+0)] | path
   => []
[{"k":1},{"k":2}]
  jq  .d[(0+0)] | parent
   => []
  yq  .d[(0+0)] | parent
   => []
[{"k":1},{"k":2}]
  jq  .d[(0+0)] | file_index
   => []
  yq  .d[(0+0)] | file_index
   => []
[{"k":1},{"k":2}]
  jq  .d[(0+1)]? | key
   => []
  yq  .d[(0+1)]? | key
   => []
[{"k":1},{"k":2}]
  jq  .d[(9+0)] | key
   => []
  yq  .d[(9+0)] | key
   => []
[{"k":1},{"k":2}]
  jq  .d[(9+0)] | path
   => []
  yq  .d[(9+0)] | path
   => []
[{"k":1},{"k":2}]
  jq  .d[(0+0)] | parent | key
   => []
  yq  .d[(0+0)] | parent | key
   => []
[{"k":1},{"k":2}]
  jq  .d[(0+0)][(0+0)] | key
   => []
  yq  .d[(0+0)][(0+0)] | key
   => []
[{"k":1},{"k":2}]
  jq  .d[(0+0)] | [key, path]
   => []
  yq  .d[(0+0)] | [key, path]
   => []
[{"k":1},{"k":2}]
  jq  .d[(0+0)] | (key, path)
   => []
  yq  .d[(0+0)] | (key, path)
   => []
[{"k":1},{"k":2}]
  jq  .a[("b"+"")] | key
   => []
  yq  .a[("b"+"")] | key
   => []
[{"k":1},{"k":2}]
  jq  .a[("b"+"")] | path
   => []
  yq  .a[("b"+"")] | path
   => []
[{"k":1},{"k":2}]
  jq  .a[("b"+"")] | parent
   => []
  yq  .a[("b"+"")] | parent
   => []
[{"k":1},{"k":2}]
  jq  .a[("b"+"")]? | key
   => []
  yq  .a[("b"+"")]? | key
   => []
[{"k":1},{"k":2}]
  jq  .a[("z"+"z")] | key
   => []
  yq  .a[("z"+"z")] | key
   => []
[{"k":1},{"k":2}]
  jq  .a[("z"+"z")] | path
   => []
  yq  .a[("z"+"z")] | path
   => []
[{"k":1},{"k":2}]
  jq  .a[("z"+"z")] | [key, path]
   => []
  yq  .a[("z"+"z")] | [key, path]
   => []
[{"k":1},{"k":2}]
  jq  .a[("b"+"")] | key | tostring
   => []
  yq  .a[("b"+"")] | key | tostring
   => []
[{"k":1},{"k":2}]
  jq  .a[("b"+"")] | select(true) | key
   => []
  yq  .a[("b"+"")] | select(true) | key
   => []
[{"k":1},{"k":2}]
  jq  .a[("b"+"")] | first(key)
   => []
  yq  .a[("b"+"")] | first(key)
   => []
[{"k":1},{"k":2}]
  jq  .a[("b"+"")] | try (key) catch "e"
   => []
  yq  .a[("b"+"")] | try (key) catch "e"
   => []
[{"k":1},{"k":2}]
  jq  .zz[(0+0)] | key
   => []
  yq  .zz[(0+0)] | key
   => []
[{"k":1},{"k":2}]
  jq  .zz[(0+0)] | path
   => []
  yq  .zz[(0+0)] | path
   => []
[{"k":1},{"k":2}]
  jq  .a[(0+0)] | key
   => []
  yq  .a[(0+0)] | key
   => []
[{"k":1},{"k":2}]
  jq  .d[(0,1)] | key
   => []
  yq  .d[(0,1)] | key
   => []
[{"k":1},{"k":2}]
  jq  .d[(0,1)] | path
   => []
  yq  .d[(0,1)] | path
   => []
[{"k":1},{"k":2}]
  jq  getpath(["a"]) | key
   => []
  yq  getpath(["a"]) | key
   => []
[{"k":1},{"k":2}]
  jq  .d[(0+0):(0+1)] | key
   => []
  yq  .d[(0+0):(0+1)] | key
   => []
